<?xml version="1.0" encoding="ISO-8859-1" ?>
<link_info>
   <banner>TI ARM Linker PC v18.12.3.LTS</banner>
   <copyright>Copyright (c) 1996-2018 Texas Instruments Incorporated</copyright>
   <link_time>0x5df9196f</link_time>
   <link_errors>0x0</link_errors>
   <output_file>MQTT_GATEWAY.out</output_file>
   <entry_point>
      <name>_c_int00_noargs</name>
      <address>0x2df5</address>
   </entry_point>
   <input_file_list>
      <input_file id="fl-2">
         <path>.\</path>
         <kind>object</kind>
         <file>led_task.obj</file>
         <name>led_task.obj</name>
      </input_file>
      <input_file id="fl-3">
         <path>.\</path>
         <kind>object</kind>
         <file>mqtt_gateway.obj</file>
         <name>mqtt_gateway.obj</name>
      </input_file>
      <input_file id="fl-4">
         <path>.\</path>
         <kind>object</kind>
         <file>startup_ccs.obj</file>
         <name>startup_ccs.obj</name>
      </input_file>
      <input_file id="fl-5">
         <path>.\</path>
         <kind>object</kind>
         <file>switch_task.obj</file>
         <name>switch_task.obj</name>
      </input_file>
      <input_file id="fl-6">
         <path>.\at\</path>
         <kind>object</kind>
         <file>at.obj</file>
         <name>at.obj</name>
      </input_file>
      <input_file id="fl-7">
         <path>.\drivers\</path>
         <kind>object</kind>
         <file>buttons.obj</file>
         <name>buttons.obj</name>
      </input_file>
      <input_file id="fl-8">
         <path>.\drivers\</path>
         <kind>object</kind>
         <file>rgb.obj</file>
         <name>rgb.obj</name>
      </input_file>
      <input_file id="fl-9">
         <path>.\esp\</path>
         <kind>object</kind>
         <file>esp_uart.obj</file>
         <name>esp_uart.obj</name>
      </input_file>
      <input_file id="fl-a">
         <path>.\mqtt\</path>
         <kind>object</kind>
         <file>mqtt_client.obj</file>
         <name>mqtt_client.obj</name>
      </input_file>
      <input_file id="fl-b">
         <path>.\nrf\</path>
         <kind>object</kind>
         <file>nrf24l01.obj</file>
         <name>nrf24l01.obj</name>
      </input_file>
      <input_file id="fl-c">
         <path>.\tasks\esp\</path>
         <kind>object</kind>
         <file>esp_logic_task.obj</file>
         <name>esp_logic_task.obj</name>
      </input_file>
      <input_file id="fl-d">
         <path>.\tasks\esp\</path>
         <kind>object</kind>
         <file>esp_rcv_task.obj</file>
         <name>esp_rcv_task.obj</name>
      </input_file>
      <input_file id="fl-e">
         <path>.\tasks\mqtt\</path>
         <kind>object</kind>
         <file>mqtt_rcv_task.obj</file>
         <name>mqtt_rcv_task.obj</name>
      </input_file>
      <input_file id="fl-f">
         <path>.\tasks\mqtt\</path>
         <kind>object</kind>
         <file>mqtt_snd_task.obj</file>
         <name>mqtt_snd_task.obj</name>
      </input_file>
      <input_file id="fl-10">
         <path>.\tasks\mqtt\</path>
         <kind>object</kind>
         <file>ping_task.obj</file>
         <name>ping_task.obj</name>
      </input_file>
      <input_file id="fl-11">
         <path>.\tasks\nrf\</path>
         <kind>object</kind>
         <file>nrf_rcv_task.obj</file>
         <name>nrf_rcv_task.obj</name>
      </input_file>
      <input_file id="fl-12">
         <path>.\tasks\nrf\</path>
         <kind>object</kind>
         <file>nrf_snd_task.obj</file>
         <name>nrf_snd_task.obj</name>
      </input_file>
      <input_file id="fl-13">
         <path>.\tasks\tiva\</path>
         <kind>object</kind>
         <file>config_task.obj</file>
         <name>config_task.obj</name>
      </input_file>
      <input_file id="fl-14">
         <path>.\tasks\tiva\</path>
         <kind>object</kind>
         <file>manager_task.obj</file>
         <name>manager_task.obj</name>
      </input_file>
      <input_file id="fl-15">
         <path>.\third_party\FreeRTOS\Source\</path>
         <kind>object</kind>
         <file>list.obj</file>
         <name>list.obj</name>
      </input_file>
      <input_file id="fl-16">
         <path>.\third_party\FreeRTOS\Source\</path>
         <kind>object</kind>
         <file>queue.obj</file>
         <name>queue.obj</name>
      </input_file>
      <input_file id="fl-17">
         <path>.\third_party\FreeRTOS\Source\</path>
         <kind>object</kind>
         <file>tasks.obj</file>
         <name>tasks.obj</name>
      </input_file>
      <input_file id="fl-18">
         <path>.\third_party\FreeRTOS\Source\portable\CCS\ARM_CM4F\</path>
         <kind>object</kind>
         <file>port.obj</file>
         <name>port.obj</name>
      </input_file>
      <input_file id="fl-19">
         <path>.\third_party\FreeRTOS\Source\portable\CCS\ARM_CM4F\</path>
         <kind>object</kind>
         <file>portasm.obj</file>
         <name>portasm.obj</name>
      </input_file>
      <input_file id="fl-1a">
         <path>.\third_party\FreeRTOS\Source\portable\MemMang\</path>
         <kind>object</kind>
         <file>heap_2.obj</file>
         <name>heap_2.obj</name>
      </input_file>
      <input_file id="fl-1b">
         <path>.\utils\</path>
         <kind>object</kind>
         <file>uart_config.obj</file>
         <name>uart_config.obj</name>
      </input_file>
      <input_file id="fl-1c">
         <path>.\utils\</path>
         <kind>object</kind>
         <file>uartstdio.obj</file>
         <name>uartstdio.obj</name>
      </input_file>
      <input_file id="fl-1d">
         <path>.\utils\</path>
         <kind>object</kind>
         <file>ustdlib.obj</file>
         <name>ustdlib.obj</name>
      </input_file>
      <input_file id="fl-22">
         <kind>object</kind>
         <file>&lt;internal&gt;</file>
         <name>&lt;internal&gt;</name>
      </input_file>
      <input_file id="fl-d8">
         <path>C:\TI\ccs920\ccs\tools\compiler\ti-cgt-arm_18.12.3.LTS\lib\</path>
         <kind>archive</kind>
         <file>rtsv7M4_T_le_v4SPD16_eabi.lib</file>
         <name>memset_t2.asm.obj</name>
      </input_file>
      <input_file id="fl-d9">
         <path>C:\TI\ccs920\ccs\tools\compiler\ti-cgt-arm_18.12.3.LTS\lib\</path>
         <kind>archive</kind>
         <file>rtsv7M4_T_le_v4SPD16_eabi.lib</file>
         <name>fs_toull_t2.asm.obj</name>
      </input_file>
      <input_file id="fl-da">
         <path>C:\TI\ccs920\ccs\tools\compiler\ti-cgt-arm_18.12.3.LTS\lib\</path>
         <kind>archive</kind>
         <file>rtsv7M4_T_le_v4SPD16_eabi.lib</file>
         <name>memcpy_t2.asm.obj</name>
      </input_file>
      <input_file id="fl-db">
         <path>C:\TI\ccs920\ccs\tools\compiler\ti-cgt-arm_18.12.3.LTS\lib\</path>
         <kind>archive</kind>
         <file>rtsv7M4_T_le_v4SPD16_eabi.lib</file>
         <name>u_divt2.asm.obj</name>
      </input_file>
      <input_file id="fl-dc">
         <path>C:\TI\ccs920\ccs\tools\compiler\ti-cgt-arm_18.12.3.LTS\lib\</path>
         <kind>archive</kind>
         <file>rtsv7M4_T_le_v4SPD16_eabi.lib</file>
         <name>copy_zero_init.c.obj</name>
      </input_file>
      <input_file id="fl-dd">
         <path>C:\TI\ccs920\ccs\tools\compiler\ti-cgt-arm_18.12.3.LTS\lib\</path>
         <kind>archive</kind>
         <file>rtsv7M4_T_le_v4SPD16_eabi.lib</file>
         <name>copy_decompress_none.c.obj</name>
      </input_file>
      <input_file id="fl-de">
         <path>C:\TI\ccs920\ccs\tools\compiler\ti-cgt-arm_18.12.3.LTS\lib\</path>
         <kind>archive</kind>
         <file>rtsv7M4_T_le_v4SPD16_eabi.lib</file>
         <name>copy_decompress_lzss.c.obj</name>
      </input_file>
      <input_file id="fl-df">
         <path>C:\TI\ccs920\ccs\tools\compiler\ti-cgt-arm_18.12.3.LTS\lib\</path>
         <kind>archive</kind>
         <file>rtsv7M4_T_le_v4SPD16_eabi.lib</file>
         <name>strcpy.c.obj</name>
      </input_file>
      <input_file id="fl-e0">
         <path>C:\TI\ccs920\ccs\tools\compiler\ti-cgt-arm_18.12.3.LTS\lib\</path>
         <kind>archive</kind>
         <file>rtsv7M4_T_le_v4SPD16_eabi.lib</file>
         <name>strlen.c.obj</name>
      </input_file>
      <input_file id="fl-e1">
         <path>C:\TI\ccs920\ccs\tools\compiler\ti-cgt-arm_18.12.3.LTS\lib\</path>
         <kind>archive</kind>
         <file>rtsv7M4_T_le_v4SPD16_eabi.lib</file>
         <name>strncpy.c.obj</name>
      </input_file>
      <input_file id="fl-e2">
         <path>C:\TI\ccs920\ccs\tools\compiler\ti-cgt-arm_18.12.3.LTS\lib\</path>
         <kind>archive</kind>
         <file>rtsv7M4_T_le_v4SPD16_eabi.lib</file>
         <name>boot_cortex_m.c.obj</name>
      </input_file>
      <input_file id="fl-e3">
         <path>C:\TI\ccs920\ccs\tools\compiler\ti-cgt-arm_18.12.3.LTS\lib\</path>
         <kind>archive</kind>
         <file>rtsv7M4_T_le_v4SPD16_eabi.lib</file>
         <name>div0.asm.obj</name>
      </input_file>
      <input_file id="fl-e4">
         <path>C:\TI\ccs920\ccs\tools\compiler\ti-cgt-arm_18.12.3.LTS\lib\</path>
         <kind>archive</kind>
         <file>rtsv7M4_T_le_v4SPD16_eabi.lib</file>
         <name>autoinit.c.obj</name>
      </input_file>
      <input_file id="fl-e5">
         <path>C:\TI\ccs920\ccs\tools\compiler\ti-cgt-arm_18.12.3.LTS\lib\</path>
         <kind>archive</kind>
         <file>rtsv7M4_T_le_v4SPD16_eabi.lib</file>
         <name>pre_init.c.obj</name>
      </input_file>
      <input_file id="fl-e6">
         <path>C:\TI\ccs920\ccs\tools\compiler\ti-cgt-arm_18.12.3.LTS\lib\</path>
         <kind>archive</kind>
         <file>rtsv7M4_T_le_v4SPD16_eabi.lib</file>
         <name>cpy_tbl.c.obj</name>
      </input_file>
      <input_file id="fl-e7">
         <path>C:\TI\ccs920\ccs\tools\compiler\ti-cgt-arm_18.12.3.LTS\lib\</path>
         <kind>archive</kind>
         <file>rtsv7M4_T_le_v4SPD16_eabi.lib</file>
         <name>exit.c.obj</name>
      </input_file>
      <input_file id="fl-e8">
         <path>C:\TI\ccs920\ccs\tools\compiler\ti-cgt-arm_18.12.3.LTS\lib\</path>
         <kind>archive</kind>
         <file>rtsv7M4_T_le_v4SPD16_eabi.lib</file>
         <name>_lock.c.obj</name>
      </input_file>
      <input_file id="fl-e9">
         <path>C:\TI\ccs920\ccs\tools\compiler\ti-cgt-arm_18.12.3.LTS\lib\</path>
         <kind>archive</kind>
         <file>rtsv7M4_T_le_v4SPD16_eabi.lib</file>
         <name>args_main.c.obj</name>
      </input_file>
      <input_file id="fl-ea">
         <path>C:\TI\tivaware_c_series_2_1_4_178\driverlib\ccs\Debug\</path>
         <kind>archive</kind>
         <file>driverlib.lib</file>
         <name>gpio.obj</name>
      </input_file>
      <input_file id="fl-eb">
         <path>C:\TI\tivaware_c_series_2_1_4_178\driverlib\ccs\Debug\</path>
         <kind>archive</kind>
         <file>driverlib.lib</file>
         <name>interrupt.obj</name>
      </input_file>
      <input_file id="fl-ec">
         <path>C:\TI\tivaware_c_series_2_1_4_178\driverlib\ccs\Debug\</path>
         <kind>archive</kind>
         <file>driverlib.lib</file>
         <name>ssi.obj</name>
      </input_file>
      <input_file id="fl-ed">
         <path>C:\TI\tivaware_c_series_2_1_4_178\driverlib\ccs\Debug\</path>
         <kind>archive</kind>
         <file>driverlib.lib</file>
         <name>sysctl.obj</name>
      </input_file>
      <input_file id="fl-ee">
         <path>C:\TI\tivaware_c_series_2_1_4_178\driverlib\ccs\Debug\</path>
         <kind>archive</kind>
         <file>driverlib.lib</file>
         <name>uart.obj</name>
      </input_file>
      <input_file id="fl-ef">
         <path>C:\TI\tivaware_c_series_2_1_4_178\driverlib\ccs\Debug\</path>
         <kind>archive</kind>
         <file>driverlib.lib</file>
         <name>cpu.obj</name>
      </input_file>
   </input_file_list>
   <object_component_list>
      <object_component id="oc-f">
         <name>.intvecs</name>
         <load_address>0x0</load_address>
         <run_address>0x0</run_address>
         <size>0x26c</size>
         <input_file_ref idref="fl-4"/>
      </object_component>
      <object_component id="oc-326">
         <name>.text:UARTvprintf</name>
         <load_address>0x26c</load_address>
         <run_address>0x26c</run_address>
         <size>0x1ee</size>
         <input_file_ref idref="fl-1c"/>
      </object_component>
      <object_component id="oc-30">
         <name>.text:FaultISR</name>
         <load_address>0x45a</load_address>
         <run_address>0x45a</run_address>
         <size>0x2</size>
         <input_file_ref idref="fl-4"/>
      </object_component>
      <object_component id="oc-1f2">
         <name>.text:UARTInt1Handler</name>
         <load_address>0x45c</load_address>
         <run_address>0x45c</run_address>
         <size>0x1d8</size>
         <input_file_ref idref="fl-d"/>
      </object_component>
      <object_component id="oc-301">
         <name>.text:nrf24l01p_setup</name>
         <load_address>0x634</load_address>
         <run_address>0x634</run_address>
         <size>0x150</size>
         <input_file_ref idref="fl-b"/>
      </object_component>
      <object_component id="oc-3dd">
         <name>.text:MQTT_CONNECT</name>
         <load_address>0x784</load_address>
         <run_address>0x784</run_address>
         <size>0x148</size>
         <input_file_ref idref="fl-a"/>
      </object_component>
      <object_component id="oc-608">
         <name>.text:GPIOPadConfigSet</name>
         <load_address>0x8cc</load_address>
         <run_address>0x8cc</run_address>
         <size>0x132</size>
         <input_file_ref idref="fl-ea"/>
      </object_component>
      <object_component id="oc-36">
         <name>.text:IntDefaultHandler</name>
         <load_address>0x9fe</load_address>
         <run_address>0x9fe</run_address>
         <size>0x2</size>
         <input_file_ref idref="fl-4"/>
      </object_component>
      <object_component id="oc-120">
         <name>.text:ConfigureUART</name>
         <load_address>0xa00</load_address>
         <run_address>0xa00</run_address>
         <size>0x12c</size>
         <input_file_ref idref="fl-1b"/>
      </object_component>
      <object_component id="oc-3d1">
         <name>.text:configESP</name>
         <load_address>0xb2c</load_address>
         <run_address>0xb2c</run_address>
         <size>0x118</size>
         <input_file_ref idref="fl-13"/>
      </object_component>
      <object_component id="oc-39c">
         <name>.text:xQueueGenericReceive</name>
         <load_address>0xc44</load_address>
         <run_address>0xc44</run_address>
         <size>0x118</size>
         <input_file_ref idref="fl-16"/>
      </object_component>
      <object_component id="oc-481">
         <name>.text:SysCtlClockGet</name>
         <load_address>0xd5c</load_address>
         <run_address>0xd5c</run_address>
         <size>0x110</size>
         <input_file_ref idref="fl-ed"/>
      </object_component>
      <object_component id="oc-98">
         <name>.text:xTaskIncrementTick</name>
         <load_address>0xe6c</load_address>
         <run_address>0xe6c</run_address>
         <size>0x104</size>
         <input_file_ref idref="fl-17"/>
      </object_component>
      <object_component id="oc-259">
         <name>.text:xTaskGenericCreate</name>
         <load_address>0xf70</load_address>
         <run_address>0xf70</run_address>
         <size>0x100</size>
         <input_file_ref idref="fl-17"/>
      </object_component>
      <object_component id="oc-132">
         <name>.text:xQueueGenericSend</name>
         <load_address>0x1070</load_address>
         <run_address>0x1070</run_address>
         <size>0xe8</size>
         <input_file_ref idref="fl-16"/>
      </object_component>
      <object_component id="oc-23a">
         <name>.text:xTaskResumeAll</name>
         <load_address>0x1158</load_address>
         <run_address>0x1158</run_address>
         <size>0xe4</size>
         <input_file_ref idref="fl-17"/>
      </object_component>
      <object_component id="oc-5db">
         <name>.text:NrfRcvTask</name>
         <load_address>0x123c</load_address>
         <run_address>0x123c</run_address>
         <size>0xdc</size>
         <input_file_ref idref="fl-11"/>
      </object_component>
      <object_component id="oc-3c">
         <name>.text</name>
         <load_address>0x1318</load_address>
         <run_address>0x1318</run_address>
         <size>0xd2</size>
         <input_file_ref idref="fl-19"/>
      </object_component>
      <object_component id="oc-2a">
         <name>.text:NmiSR</name>
         <load_address>0x13ea</load_address>
         <run_address>0x13ea</run_address>
         <size>0x2</size>
         <input_file_ref idref="fl-4"/>
      </object_component>
      <object_component id="oc-5bd">
         <name>.text:ManagerTask</name>
         <load_address>0x13ec</load_address>
         <run_address>0x13ec</run_address>
         <size>0xb8</size>
         <input_file_ref idref="fl-14"/>
      </object_component>
      <object_component id="oc-40d">
         <name>.text:vTaskDelete</name>
         <load_address>0x14a4</load_address>
         <run_address>0x14a4</run_address>
         <size>0xb4</size>
         <input_file_ref idref="fl-17"/>
      </object_component>
      <object_component id="oc-207">
         <name>.text:pvPortMalloc</name>
         <load_address>0x1558</load_address>
         <run_address>0x1558</run_address>
         <size>0xac</size>
         <input_file_ref idref="fl-1a"/>
      </object_component>
      <object_component id="oc-27a">
         <name>.text:ConfigTask</name>
         <load_address>0x1604</load_address>
         <run_address>0x1604</run_address>
         <size>0x9c</size>
         <input_file_ref idref="fl-13"/>
      </object_component>
      <object_component id="oc-55">
         <name>.text</name>
         <load_address>0x16a0</load_address>
         <run_address>0x16a0</run_address>
         <size>0x9c</size>
         <input_file_ref idref="fl-da"/>
      </object_component>
      <object_component id="oc-68f">
         <name>.text:MQTT_PUB</name>
         <load_address>0x173c</load_address>
         <run_address>0x173c</run_address>
         <size>0x94</size>
         <input_file_ref idref="fl-a"/>
      </object_component>
      <object_component id="oc-5a3">
         <name>.text:CIPSENDesp</name>
         <load_address>0x17d0</load_address>
         <run_address>0x17d0</run_address>
         <size>0x90</size>
         <input_file_ref idref="fl-6"/>
      </object_component>
      <object_component id="oc-cc">
         <name>.text:main</name>
         <load_address>0x1860</load_address>
         <run_address>0x1860</run_address>
         <size>0x90</size>
         <input_file_ref idref="fl-3"/>
      </object_component>
      <object_component id="oc-53f">
         <name>.text:vTaskPriorityInherit</name>
         <load_address>0x18f0</load_address>
         <run_address>0x18f0</run_address>
         <size>0x90</size>
         <input_file_ref idref="fl-17"/>
      </object_component>
      <object_component id="oc-262">
         <name>.text:EspLogicTask</name>
         <load_address>0x1980</load_address>
         <run_address>0x1980</run_address>
         <size>0x8c</size>
         <input_file_ref idref="fl-c"/>
      </object_component>
      <object_component id="oc-91">
         <name>.text:vTaskSwitchContext</name>
         <load_address>0x1a0c</load_address>
         <run_address>0x1a0c</run_address>
         <size>0x8c</size>
         <input_file_ref idref="fl-17"/>
      </object_component>
      <object_component id="oc-3e9">
         <name>.text:MQTT_SUB</name>
         <load_address>0x1a98</load_address>
         <run_address>0x1a98</run_address>
         <size>0x88</size>
         <input_file_ref idref="fl-a"/>
      </object_component>
      <object_component id="oc-20d">
         <name>.text:xQueueGenericReset</name>
         <load_address>0x1b20</load_address>
         <run_address>0x1b20</run_address>
         <size>0x84</size>
         <input_file_ref idref="fl-16"/>
      </object_component>
      <object_component id="oc-c0">
         <name>.text</name>
         <load_address>0x1ba4</load_address>
         <run_address>0x1ba4</run_address>
         <size>0x7a</size>
         <input_file_ref idref="fl-d8"/>
      </object_component>
      <object_component id="oc-64e">
         <name>.text</name>
         <load_address>0x1c1e</load_address>
         <run_address>0x1c1e</run_address>
         <size>0x2</size>
         <input_file_ref idref="fl-e3"/>
      </object_component>
      <object_component id="oc-36f">
         <name>.text:xTaskPriorityDisinherit</name>
         <load_address>0x1c20</load_address>
         <run_address>0x1c20</run_address>
         <size>0x78</size>
         <input_file_ref idref="fl-17"/>
      </object_component>
      <object_component id="oc-26d">
         <name>.text:EspRcvTask</name>
         <load_address>0x1c98</load_address>
         <run_address>0x1c98</run_address>
         <size>0x74</size>
         <input_file_ref idref="fl-d"/>
      </object_component>
      <object_component id="oc-6e3">
         <name>.text:nrf24l01p_read_payload</name>
         <load_address>0x1d0c</load_address>
         <run_address>0x1d0c</run_address>
         <size>0x74</size>
         <input_file_ref idref="fl-b"/>
      </object_component>
      <object_component id="oc-252">
         <name>.text:xTaskRemoveFromEventList</name>
         <load_address>0x1d80</load_address>
         <run_address>0x1d80</run_address>
         <size>0x74</size>
         <input_file_ref idref="fl-17"/>
      </object_component>
      <object_component id="oc-24c">
         <name>.text:prvCopyDataToQueue</name>
         <load_address>0x1df4</load_address>
         <run_address>0x1df4</run_address>
         <size>0x72</size>
         <input_file_ref idref="fl-16"/>
      </object_component>
      <object_component id="oc-e9">
         <name>.text:vApplicationStackOverflowHook</name>
         <load_address>0x1e66</load_address>
         <run_address>0x1e66</run_address>
         <size>0x2</size>
         <input_file_ref idref="fl-3"/>
      </object_component>
      <object_component id="oc-1fa">
         <name>.text:configureRadio</name>
         <load_address>0x1e68</load_address>
         <run_address>0x1e68</run_address>
         <size>0x70</size>
         <input_file_ref idref="fl-b"/>
      </object_component>
      <object_component id="oc-2c9">
         <name>.text:IntEnable</name>
         <load_address>0x1ed8</load_address>
         <run_address>0x1ed8</run_address>
         <size>0x68</size>
         <input_file_ref idref="fl-eb"/>
      </object_component>
      <object_component id="oc-12">
         <name>.text:decompress:lzss:__TI_decompress_lzss</name>
         <load_address>0x1f40</load_address>
         <run_address>0x1f40</run_address>
         <size>0x68</size>
         <input_file_ref idref="fl-de"/>
      </object_component>
      <object_component id="oc-313">
         <name>.text:nrf24l01p_open_reading_pipe</name>
         <load_address>0x1fa8</load_address>
         <run_address>0x1fa8</run_address>
         <size>0x68</size>
         <input_file_ref idref="fl-b"/>
      </object_component>
      <object_component id="oc-246">
         <name>.text:vTaskPlaceOnEventList</name>
         <load_address>0x2010</load_address>
         <run_address>0x2010</run_address>
         <size>0x64</size>
         <input_file_ref idref="fl-17"/>
      </object_component>
      <object_component id="oc-234">
         <name>.text:prvUnlockQueue</name>
         <load_address>0x2074</load_address>
         <run_address>0x2074</run_address>
         <size>0x62</size>
         <input_file_ref idref="fl-16"/>
      </object_component>
      <object_component id="oc-138">
         <name>.text:EspLogicTaskInit</name>
         <load_address>0x20d8</load_address>
         <run_address>0x20d8</run_address>
         <size>0x60</size>
         <input_file_ref idref="fl-c"/>
      </object_component>
      <object_component id="oc-5b6">
         <name>.text:EspPingTask</name>
         <load_address>0x2138</load_address>
         <run_address>0x2138</run_address>
         <size>0x60</size>
         <input_file_ref idref="fl-10"/>
      </object_component>
      <object_component id="oc-3a8">
         <name>.text:SendATCommand</name>
         <load_address>0x2198</load_address>
         <run_address>0x2198</run_address>
         <size>0x60</size>
         <input_file_ref idref="fl-c"/>
      </object_component>
      <object_component id="oc-1e6">
         <name>.text:UARTStdioConfig</name>
         <load_address>0x21f8</load_address>
         <run_address>0x21f8</run_address>
         <size>0x60</size>
         <input_file_ref idref="fl-1c"/>
      </object_component>
      <object_component id="oc-389">
         <name>.text:prvInitialiseTaskLists</name>
         <load_address>0x2258</load_address>
         <run_address>0x2258</run_address>
         <size>0x60</size>
         <input_file_ref idref="fl-17"/>
      </object_component>
      <object_component id="oc-14a">
         <name>.text:vTaskStartScheduler</name>
         <load_address>0x22b8</load_address>
         <run_address>0x22b8</run_address>
         <size>0x60</size>
         <input_file_ref idref="fl-17"/>
      </object_component>
      <object_component id="oc-319">
         <name>.text:nrf24l01p_start_listening</name>
         <load_address>0x2318</load_address>
         <run_address>0x2318</run_address>
         <size>0x5c</size>
         <input_file_ref idref="fl-b"/>
      </object_component>
      <object_component id="oc-3e3">
         <name>.text:vTaskDelay</name>
         <load_address>0x2374</load_address>
         <run_address>0x2374</run_address>
         <size>0x5c</size>
         <input_file_ref idref="fl-17"/>
      </object_component>
      <object_component id="oc-3ae">
         <name>.text:checkIfContains</name>
         <load_address>0x23d0</load_address>
         <run_address>0x23d0</run_address>
         <size>0x58</size>
         <input_file_ref idref="fl-c"/>
      </object_component>
      <object_component id="oc-41b">
         <name>.text:prvCheckTasksWaitingTermination</name>
         <load_address>0x2428</load_address>
         <run_address>0x2428</run_address>
         <size>0x58</size>
         <input_file_ref idref="fl-17"/>
      </object_component>
      <object_component id="oc-37d">
         <name>.text:prvInitialiseTCBVariables</name>
         <load_address>0x2480</load_address>
         <run_address>0x2480</run_address>
         <size>0x56</size>
         <input_file_ref idref="fl-17"/>
      </object_component>
      <object_component id="oc-66b">
         <name>.text:makeRequest</name>
         <load_address>0x24d8</load_address>
         <run_address>0x24d8</run_address>
         <size>0x54</size>
         <input_file_ref idref="fl-9"/>
      </object_component>
      <object_component id="oc-22e">
         <name>.text:xTaskCheckForTimeOut</name>
         <load_address>0x252c</load_address>
         <run_address>0x252c</run_address>
         <size>0x54</size>
         <input_file_ref idref="fl-17"/>
      </object_component>
      <object_component id="oc-4a0">
         <name>.text:nrf24l01p_set_data_rate</name>
         <load_address>0x2580</load_address>
         <run_address>0x2580</run_address>
         <size>0x50</size>
         <input_file_ref idref="fl-b"/>
      </object_component>
      <object_component id="oc-1ec">
         <name>.text:xQueueCreateMutex</name>
         <load_address>0x25d0</load_address>
         <run_address>0x25d0</run_address>
         <size>0x4e</size>
         <input_file_ref idref="fl-16"/>
      </object_component>
      <object_component id="oc-144">
         <name>.text:ConfigTaskInit</name>
         <load_address>0x2620</load_address>
         <run_address>0x2620</run_address>
         <size>0x4c</size>
         <input_file_ref idref="fl-13"/>
      </object_component>
      <object_component id="oc-365">
         <name>.text:prvAddCurrentTaskToDelayedList</name>
         <load_address>0x266c</load_address>
         <run_address>0x266c</run_address>
         <size>0x4c</size>
         <input_file_ref idref="fl-17"/>
      </object_component>
      <object_component id="oc-13e">
         <name>.text:EspRcvTaskInit</name>
         <load_address>0x26b8</load_address>
         <run_address>0x26b8</run_address>
         <size>0x48</size>
         <input_file_ref idref="fl-d"/>
      </object_component>
      <object_component id="oc-1ce">
         <name>.text:GPIOPinConfigure</name>
         <load_address>0x2700</load_address>
         <run_address>0x2700</run_address>
         <size>0x48</size>
         <input_file_ref idref="fl-ea"/>
      </object_component>
      <object_component id="oc-3fb">
         <name>.text:MqttSndTaskInit</name>
         <load_address>0x2748</load_address>
         <run_address>0x2748</run_address>
         <size>0x48</size>
         <input_file_ref idref="fl-f"/>
      </object_component>
      <object_component id="oc-407">
         <name>.text:NrfRcvTaskInit</name>
         <load_address>0x2790</load_address>
         <run_address>0x2790</run_address>
         <size>0x48</size>
         <input_file_ref idref="fl-11"/>
      </object_component>
      <object_component id="oc-4f3">
         <name>.text:UARTwrite</name>
         <load_address>0x27d8</load_address>
         <run_address>0x27d8</run_address>
         <size>0x48</size>
         <input_file_ref idref="fl-1c"/>
      </object_component>
      <object_component id="oc-401">
         <name>.text:NrfSndTaskInit</name>
         <load_address>0x2820</load_address>
         <run_address>0x2820</run_address>
         <size>0x44</size>
         <input_file_ref idref="fl-12"/>
      </object_component>
      <object_component id="oc-165">
         <name>.text:__TI_auto_init_nobinit_nopinit:__TI_auto_init_nobinit_nopinit</name>
         <load_address>0x2864</load_address>
         <run_address>0x2864</run_address>
         <size>0x44</size>
         <input_file_ref idref="fl-e4"/>
      </object_component>
      <object_component id="oc-4c4">
         <name>.text:nrf24l01p_read_register</name>
         <load_address>0x28a8</load_address>
         <run_address>0x28a8</run_address>
         <size>0x44</size>
         <input_file_ref idref="fl-b"/>
      </object_component>
      <object_component id="oc-51a">
         <name>.text:vPortFree</name>
         <load_address>0x28ec</load_address>
         <run_address>0x28ec</run_address>
         <size>0x44</size>
         <input_file_ref idref="fl-1a"/>
      </object_component>
      <object_component id="oc-126">
         <name>.text:ConfigureRADIO</name>
         <load_address>0x2930</load_address>
         <run_address>0x2930</run_address>
         <size>0x42</size>
         <input_file_ref idref="fl-3"/>
      </object_component>
      <object_component id="oc-2bd">
         <name>.text:_UARTIntNumberGet</name>
         <load_address>0x2974</load_address>
         <run_address>0x2974</run_address>
         <size>0x40</size>
         <input_file_ref idref="fl-ee"/>
      </object_component>
      <object_component id="oc-4f9">
         <name>.text</name>
         <load_address>0x29b4</load_address>
         <run_address>0x29b4</run_address>
         <size>0x40</size>
         <input_file_ref idref="fl-db"/>
      </object_component>
      <object_component id="oc-3cb">
         <name>.text:safePrintf</name>
         <load_address>0x29f4</load_address>
         <run_address>0x29f4</run_address>
         <size>0x40</size>
         <input_file_ref idref="fl-1b"/>
      </object_component>
      <object_component id="oc-281">
         <name>.text:xPortStartScheduler</name>
         <load_address>0x2a34</load_address>
         <run_address>0x2a34</run_address>
         <size>0x40</size>
         <input_file_ref idref="fl-18"/>
      </object_component>
      <object_component id="oc-590">
         <name>.text:CIPSTARTesp</name>
         <load_address>0x2a74</load_address>
         <run_address>0x2a74</run_address>
         <size>0x3f</size>
         <input_file_ref idref="fl-6"/>
      </object_component>
      <object_component id="oc-487">
         <name>.text:SSIConfigSetExpClk</name>
         <load_address>0x2ab4</load_address>
         <run_address>0x2ab4</run_address>
         <size>0x3c</size>
         <input_file_ref idref="fl-ec"/>
      </object_component>
      <object_component id="oc-12c">
         <name>.text:xQueueGenericCreate</name>
         <load_address>0x2af0</load_address>
         <run_address>0x2af0</run_address>
         <size>0x3c</size>
         <input_file_ref idref="fl-16"/>
      </object_component>
      <object_component id="oc-4cc">
         <name>.text:nrf24l01p_write_buffer</name>
         <load_address>0x2b2c</load_address>
         <run_address>0x2b2c</run_address>
         <size>0x3a</size>
         <input_file_ref idref="fl-b"/>
      </object_component>
      <object_component id="oc-377">
         <name>.text:prvAllocateTCBAndStack</name>
         <load_address>0x2b66</load_address>
         <run_address>0x2b66</run_address>
         <size>0x3a</size>
         <input_file_ref idref="fl-17"/>
      </object_component>
      <object_component id="oc-5c7">
         <name>.text:MqttSndTask</name>
         <load_address>0x2ba0</load_address>
         <run_address>0x2ba0</run_address>
         <size>0x38</size>
         <input_file_ref idref="fl-f"/>
      </object_component>
      <object_component id="oc-5d1">
         <name>.text:NrfSndTask</name>
         <load_address>0x2bd8</load_address>
         <run_address>0x2bd8</run_address>
         <size>0x38</size>
         <input_file_ref idref="fl-12"/>
      </object_component>
      <object_component id="oc-307">
         <name>.text:nrf24l01p_set_PA_level</name>
         <load_address>0x2c10</load_address>
         <run_address>0x2c10</run_address>
         <size>0x38</size>
         <input_file_ref idref="fl-b"/>
      </object_component>
      <object_component id="oc-35f">
         <name>.text:vListInsert</name>
         <load_address>0x2c48</load_address>
         <run_address>0x2c48</run_address>
         <size>0x38</size>
         <input_file_ref idref="fl-15"/>
      </object_component>
      <object_component id="oc-58a">
         <name>.text:CWJAPesp</name>
         <load_address>0x2c80</load_address>
         <run_address>0x2c80</run_address>
         <size>0x37</size>
         <input_file_ref idref="fl-6"/>
      </object_component>
      <object_component id="oc-494">
         <name>.text:nrf24l01p_write_register</name>
         <load_address>0x2cb8</load_address>
         <run_address>0x2cb8</run_address>
         <size>0x36</size>
         <input_file_ref idref="fl-b"/>
      </object_component>
      <object_component id="oc-3bd">
         <name>.text:strncpy</name>
         <load_address>0x2cee</load_address>
         <run_address>0x2cee</run_address>
         <size>0x36</size>
         <input_file_ref idref="fl-e1"/>
      </object_component>
      <object_component id="oc-3ef">
         <name>.text:EspPingTaskInit</name>
         <load_address>0x2d24</load_address>
         <run_address>0x2d24</run_address>
         <size>0x34</size>
         <input_file_ref idref="fl-10"/>
      </object_component>
      <object_component id="oc-2c3">
         <name>.text:IntRegister</name>
         <load_address>0x2d58</load_address>
         <run_address>0x2d58</run_address>
         <size>0x34</size>
         <input_file_ref idref="fl-eb"/>
      </object_component>
      <object_component id="oc-3f5">
         <name>.text:ManagerTaskInit</name>
         <load_address>0x2d8c</load_address>
         <run_address>0x2d8c</run_address>
         <size>0x34</size>
         <input_file_ref idref="fl-14"/>
      </object_component>
      <object_component id="oc-46f">
         <name>.text:SysCtlPeripheralEnable</name>
         <load_address>0x2dc0</load_address>
         <run_address>0x2dc0</run_address>
         <size>0x34</size>
         <input_file_ref idref="fl-ed"/>
      </object_component>
      <object_component id="oc-73">
         <name>.text:_c_int00_noargs:_c_int00_noargs</name>
         <load_address>0x2df4</load_address>
         <run_address>0x2df4</run_address>
         <size>0x34</size>
         <input_file_ref idref="fl-e2"/>
      </object_component>
      <object_component id="oc-4e3">
         <name>.text:nrf24l01p_close_reading_pipe</name>
         <load_address>0x2e28</load_address>
         <run_address>0x2e28</run_address>
         <size>0x30</size>
         <input_file_ref idref="fl-b"/>
      </object_component>
      <object_component id="oc-332">
         <name>.text:prvHeapInit</name>
         <load_address>0x2e58</load_address>
         <run_address>0x2e58</run_address>
         <size>0x30</size>
         <input_file_ref idref="fl-1a"/>
      </object_component>
      <object_component id="oc-4be">
         <name>.text:nrf24l01p_power_up</name>
         <load_address>0x2e88</load_address>
         <run_address>0x2e88</run_address>
         <size>0x2e</size>
         <input_file_ref idref="fl-b"/>
      </object_component>
      <object_component id="oc-41">
         <name>.text:xPortSysTickHandler</name>
         <load_address>0x2eb8</load_address>
         <run_address>0x2eb8</run_address>
         <size>0x2c</size>
         <input_file_ref idref="fl-18"/>
      </object_component>
      <object_component id="oc-60e">
         <name>.text:GPIODirModeSet</name>
         <load_address>0x2ee4</load_address>
         <run_address>0x2ee4</run_address>
         <size>0x2a</size>
         <input_file_ref idref="fl-ea"/>
      </object_component>
      <object_component id="oc-4b2">
         <name>.text:nrf24l01p_flush_rx</name>
         <load_address>0x2f0e</load_address>
         <run_address>0x2f0e</run_address>
         <size>0x2a</size>
         <input_file_ref idref="fl-b"/>
      </object_component>
      <object_component id="oc-4b8">
         <name>.text:nrf24l01p_flush_tx</name>
         <load_address>0x2f38</load_address>
         <run_address>0x2f38</run_address>
         <size>0x2a</size>
         <input_file_ref idref="fl-b"/>
      </object_component>
      <object_component id="oc-30d">
         <name>.text:nrf24l01p_open_writing_pipe</name>
         <load_address>0x2f62</load_address>
         <run_address>0x2f62</run_address>
         <size>0x2a</size>
         <input_file_ref idref="fl-b"/>
      </object_component>
      <object_component id="oc-5a9">
         <name>.text:SendCharSequence</name>
         <load_address>0x2f8c</load_address>
         <run_address>0x2f8c</run_address>
         <size>0x28</size>
         <input_file_ref idref="fl-9"/>
      </object_component>
      <object_component id="oc-629">
         <name>.text:nrf24l01p_end_transaction</name>
         <load_address>0x2fb4</load_address>
         <run_address>0x2fb4</run_address>
         <size>0x28</size>
         <input_file_ref idref="fl-b"/>
      </object_component>
      <object_component id="oc-f3">
         <name>.text:prvResetNextTaskUnblockTime</name>
         <load_address>0x2fdc</load_address>
         <run_address>0x2fdc</run_address>
         <size>0x28</size>
         <input_file_ref idref="fl-17"/>
      </object_component>
      <object_component id="oc-383">
         <name>.text:pxPortInitialiseStack</name>
         <load_address>0x3004</load_address>
         <run_address>0x3004</run_address>
         <size>0x28</size>
         <input_file_ref idref="fl-18"/>
      </object_component>
      <object_component id="oc-4ac">
         <name>.text:nrf24l01p_set_channel</name>
         <load_address>0x302c</load_address>
         <run_address>0x302c</run_address>
         <size>0x26</size>
         <input_file_ref idref="fl-b"/>
      </object_component>
      <object_component id="oc-545">
         <name>.text:prvCopyDataFromQueue</name>
         <load_address>0x3052</load_address>
         <run_address>0x3052</run_address>
         <size>0x26</size>
         <input_file_ref idref="fl-16"/>
      </object_component>
      <object_component id="oc-4a6">
         <name>.text:nrf24l01p_toggle_features</name>
         <load_address>0x3078</load_address>
         <run_address>0x3078</run_address>
         <size>0x22</size>
         <input_file_ref idref="fl-b"/>
      </object_component>
      <object_component id="oc-f9">
         <name>.text:uxListRemove</name>
         <load_address>0x309a</load_address>
         <run_address>0x309a</run_address>
         <size>0x20</size>
         <input_file_ref idref="fl-15"/>
      </object_component>
      <object_component id="oc-596">
         <name>.text:CIPMODEEesp</name>
         <load_address>0x30bc</load_address>
         <run_address>0x30bc</run_address>
         <size>0x1f</size>
         <input_file_ref idref="fl-6"/>
      </object_component>
      <object_component id="oc-6ac">
         <name>.text:nrf24l01p_read</name>
         <load_address>0x30dc</load_address>
         <run_address>0x30dc</run_address>
         <size>0x1e</size>
         <input_file_ref idref="fl-b"/>
      </object_component>
      <object_component id="oc-3a2">
         <name>.text:clearReceiveQueue</name>
         <load_address>0x30fc</load_address>
         <run_address>0x30fc</run_address>
         <size>0x1c</size>
         <input_file_ref idref="fl-c"/>
      </object_component>
      <object_component id="oc-61d">
         <name>.text:nrf24l01p_begin_transaction</name>
         <load_address>0x3118</load_address>
         <run_address>0x3118</run_address>
         <size>0x1c</size>
         <input_file_ref idref="fl-b"/>
      </object_component>
      <object_component id="oc-240">
         <name>.text:prvIsQueueFull</name>
         <load_address>0x3134</load_address>
         <run_address>0x3134</run_address>
         <size>0x1c</size>
         <input_file_ref idref="fl-16"/>
      </object_component>
      <object_component id="oc-228">
         <name>.text:vPortEnterCritical</name>
         <load_address>0x3150</load_address>
         <run_address>0x3150</run_address>
         <size>0x1c</size>
         <input_file_ref idref="fl-18"/>
      </object_component>
      <object_component id="oc-584">
         <name>.text:CIPMUXesp</name>
         <load_address>0x316c</load_address>
         <run_address>0x316c</run_address>
         <size>0x1b</size>
         <input_file_ref idref="fl-6"/>
      </object_component>
      <object_component id="oc-57e">
         <name>.text:CWMODEesp</name>
         <load_address>0x3188</load_address>
         <run_address>0x3188</run_address>
         <size>0x1b</size>
         <input_file_ref idref="fl-6"/>
      </object_component>
      <object_component id="oc-200">
         <name>.text:UARTprintf</name>
         <load_address>0x31a4</load_address>
         <run_address>0x31a4</run_address>
         <size>0x1a</size>
         <input_file_ref idref="fl-1c"/>
      </object_component>
      <object_component id="oc-539">
         <name>.text:prvIsQueueEmpty</name>
         <load_address>0x31be</load_address>
         <run_address>0x31be</run_address>
         <size>0x1a</size>
         <input_file_ref idref="fl-16"/>
      </object_component>
      <object_component id="oc-475">
         <name>.text:GPIOPinTypeGPIOOutput</name>
         <load_address>0x31d8</load_address>
         <run_address>0x31d8</run_address>
         <size>0x18</size>
         <input_file_ref idref="fl-ea"/>
      </object_component>
      <object_component id="oc-1d4">
         <name>.text:UARTIntRegister</name>
         <load_address>0x31f0</load_address>
         <run_address>0x31f0</run_address>
         <size>0x18</size>
         <input_file_ref idref="fl-ee"/>
      </object_component>
      <object_component id="oc-54b">
         <name>.text:pvTaskIncrementMutexHeldCount</name>
         <load_address>0x3208</load_address>
         <run_address>0x3208</run_address>
         <size>0x18</size>
         <input_file_ref idref="fl-17"/>
      </object_component>
      <object_component id="oc-ff">
         <name>.text:vListInsertEnd</name>
         <load_address>0x3220</load_address>
         <run_address>0x3220</run_address>
         <size>0x18</size>
         <input_file_ref idref="fl-15"/>
      </object_component>
      <object_component id="oc-21c">
         <name>.text:vPortExitCritical</name>
         <load_address>0x3238</load_address>
         <run_address>0x3238</run_address>
         <size>0x18</size>
         <input_file_ref idref="fl-18"/>
      </object_component>
      <object_component id="oc-216">
         <name>.text:vTaskSetTimeOutState</name>
         <load_address>0x3250</load_address>
         <run_address>0x3250</run_address>
         <size>0x18</size>
         <input_file_ref idref="fl-17"/>
      </object_component>
      <object_component id="oc-2e1">
         <name>.text:vListInitialise</name>
         <load_address>0x3268</load_address>
         <run_address>0x3268</run_address>
         <size>0x16</size>
         <input_file_ref idref="fl-15"/>
      </object_component>
      <object_component id="oc-1e0">
         <name>.text:UARTEnable</name>
         <load_address>0x327e</load_address>
         <run_address>0x327e</run_address>
         <size>0x14</size>
         <input_file_ref idref="fl-ee"/>
      </object_component>
      <object_component id="oc-2ee">
         <name>.text:strcpy</name>
         <load_address>0x3292</load_address>
         <run_address>0x3292</run_address>
         <size>0x14</size>
         <input_file_ref idref="fl-df"/>
      </object_component>
      <object_component id="oc-560">
         <name>.text:strlen</name>
         <load_address>0x32a6</load_address>
         <run_address>0x32a6</run_address>
         <size>0x14</size>
         <input_file_ref idref="fl-e0"/>
      </object_component>
      <object_component id="oc-414">
         <name>.text:vPortSetupTimerInterrupt</name>
         <load_address>0x32bc</load_address>
         <run_address>0x32bc</run_address>
         <size>0x14</size>
         <input_file_ref idref="fl-18"/>
      </object_component>
      <object_component id="oc-572">
         <name>.text:ATesp</name>
         <load_address>0x32d0</load_address>
         <run_address>0x32d0</run_address>
         <size>0x13</size>
         <input_file_ref idref="fl-6"/>
      </object_component>
      <object_component id="oc-578">
         <name>.text:RSTesp</name>
         <load_address>0x32e4</load_address>
         <run_address>0x32e4</run_address>
         <size>0x13</size>
         <input_file_ref idref="fl-6"/>
      </object_component>
      <object_component id="oc-47b">
         <name>.text:GPIOPinTypeSSI</name>
         <load_address>0x32f8</load_address>
         <run_address>0x32f8</run_address>
         <size>0x12</size>
         <input_file_ref idref="fl-ea"/>
      </object_component>
      <object_component id="oc-63d">
         <name>.text:SSIDataGetNonBlocking</name>
         <load_address>0x330a</load_address>
         <run_address>0x330a</run_address>
         <size>0x12</size>
         <input_file_ref idref="fl-ec"/>
      </object_component>
      <object_component id="oc-6a6">
         <name>.text:nrf24l01p_available</name>
         <load_address>0x331c</load_address>
         <run_address>0x331c</run_address>
         <size>0x12</size>
         <input_file_ref idref="fl-b"/>
      </object_component>
      <object_component id="oc-4dd">
         <name>.text:nrf24l01p_ce</name>
         <load_address>0x332e</load_address>
         <run_address>0x332e</run_address>
         <size>0x12</size>
         <input_file_ref idref="fl-b"/>
      </object_component>
      <object_component id="oc-5e4">
         <name>.text:prvDeleteTCB</name>
         <load_address>0x3340</load_address>
         <run_address>0x3340</run_address>
         <size>0x12</size>
         <input_file_ref idref="fl-17"/>
      </object_component>
      <object_component id="oc-49a">
         <name>.text:nrf24l01p_set_retries</name>
         <load_address>0x3352</load_address>
         <run_address>0x3352</run_address>
         <size>0x10</size>
         <input_file_ref idref="fl-b"/>
      </object_component>
      <object_component id="oc-528">
         <name>.text:prvTaskExitError</name>
         <load_address>0x3362</load_address>
         <run_address>0x3362</run_address>
         <size>0x10</size>
         <input_file_ref idref="fl-18"/>
      </object_component>
      <object_component id="oc-222">
         <name>.text:vTaskSuspendAll</name>
         <load_address>0x3374</load_address>
         <run_address>0x3374</run_address>
         <size>0x10</size>
         <input_file_ref idref="fl-17"/>
      </object_component>
      <object_component id="oc-18">
         <name>.text:decompress:none:__TI_decompress_none</name>
         <load_address>0x3384</load_address>
         <run_address>0x3384</run_address>
         <size>0xe</size>
         <input_file_ref idref="fl-dd"/>
      </object_component>
      <object_component id="oc-62f">
         <name>.text:SSIDataGet</name>
         <load_address>0x3392</load_address>
         <run_address>0x3392</run_address>
         <size>0xc</size>
         <input_file_ref idref="fl-ec"/>
      </object_component>
      <object_component id="oc-67">
         <name>.text:decompress:ZI:__TI_zero_init</name>
         <load_address>0x339e</load_address>
         <run_address>0x339e</run_address>
         <size>0xc</size>
         <input_file_ref idref="fl-dc"/>
      </object_component>
      <object_component id="oc-353">
         <name>.text:vTaskMissedYield</name>
         <load_address>0x33ac</load_address>
         <run_address>0x33ac</run_address>
         <size>0xc</size>
         <input_file_ref idref="fl-17"/>
      </object_component>
      <object_component id="oc-623">
         <name>.text:SSIDataPut</name>
         <load_address>0x33b8</load_address>
         <run_address>0x33b8</run_address>
         <size>0xa</size>
         <input_file_ref idref="fl-ec"/>
      </object_component>
      <object_component id="oc-48d">
         <name>.text:SSIEnable</name>
         <load_address>0x33c2</load_address>
         <run_address>0x33c2</run_address>
         <size>0xa</size>
         <input_file_ref idref="fl-ec"/>
      </object_component>
      <object_component id="oc-2e8">
         <name>.text:UARTCharGet</name>
         <load_address>0x33cc</load_address>
         <run_address>0x33cc</run_address>
         <size>0xa</size>
         <input_file_ref idref="fl-ee"/>
      </object_component>
      <object_component id="oc-559">
         <name>.text:UARTCharPut</name>
         <load_address>0x33d6</load_address>
         <run_address>0x33d6</run_address>
         <size>0xa</size>
         <input_file_ref idref="fl-ee"/>
      </object_component>
      <object_component id="oc-6c3">
         <name>.text:SSIBusy</name>
         <load_address>0x33e0</load_address>
         <run_address>0x33e0</run_address>
         <size>0x8</size>
         <input_file_ref idref="fl-ec"/>
      </object_component>
      <object_component id="oc-553">
         <name>.text:UARTBusy</name>
         <load_address>0x33e8</load_address>
         <run_address>0x33e8</run_address>
         <size>0x8</size>
         <input_file_ref idref="fl-ee"/>
      </object_component>
      <object_component id="oc-287">
         <name>.text:prvIdleTask</name>
         <load_address>0x33f0</load_address>
         <run_address>0x33f0</run_address>
         <size>0x8</size>
         <input_file_ref idref="fl-17"/>
      </object_component>
      <object_component id="oc-3d7">
         <name>.text:GPIOPinWrite</name>
         <load_address>0x33f8</load_address>
         <run_address>0x33f8</run_address>
         <size>0x6</size>
         <input_file_ref idref="fl-ea"/>
      </object_component>
      <object_component id="oc-24">
         <name>.text:ResetISR</name>
         <load_address>0x33fe</load_address>
         <run_address>0x33fe</run_address>
         <size>0x6</size>
         <input_file_ref idref="fl-4"/>
      </object_component>
      <object_component id="oc-493">
         <name>.text:SysCtlDelay</name>
         <load_address>0x3404</load_address>
         <run_address>0x3404</run_address>
         <size>0x6</size>
         <input_file_ref idref="fl-ed"/>
      </object_component>
      <object_component id="oc-1da">
         <name>.text:UARTFIFOLevelSet</name>
         <load_address>0x340a</load_address>
         <run_address>0x340a</run_address>
         <size>0x6</size>
         <input_file_ref idref="fl-ee"/>
      </object_component>
      <object_component id="oc-521">
         <name>.text:vListInitialiseItem</name>
         <load_address>0x3410</load_address>
         <run_address>0x3410</run_address>
         <size>0x6</size>
         <input_file_ref idref="fl-15"/>
      </object_component>
      <object_component id="oc-c6">
         <name>.text:_system_pre_init</name>
         <load_address>0x3416</load_address>
         <run_address>0x3416</run_address>
         <size>0x4</size>
         <input_file_ref idref="fl-e5"/>
      </object_component>
      <object_component id="oc-159">
         <name>.text:abort:abort</name>
         <load_address>0x341a</load_address>
         <run_address>0x341a</run_address>
         <size>0x4</size>
         <input_file_ref idref="fl-e7"/>
      </object_component>
      <object_component id="oc-2b3">
         <name>.const:g_pui32GPIOBaseAddrs</name>
         <load_address>0x3420</load_address>
         <run_address>0x3420</run_address>
         <size>0x90</size>
         <input_file_ref idref="fl-ea"/>
      </object_component>
      <object_component id="oc-455">
         <name>.const</name>
         <load_address>0x34b0</load_address>
         <run_address>0x34b0</run_address>
         <size>0x70</size>
         <input_file_ref idref="fl-eb"/>
      </object_component>
      <object_component id="oc-616">
         <name>.const:g_pui32Xtals</name>
         <load_address>0x3520</load_address>
         <run_address>0x3520</run_address>
         <size>0x6c</size>
         <input_file_ref idref="fl-ed"/>
      </object_component>
      <object_component id="oc-67c">
         <name>.const:.string</name>
         <load_address>0x358c</load_address>
         <run_address>0x358c</run_address>
         <size>0x46</size>
         <input_file_ref idref="fl-a"/>
      </object_component>
      <object_component id="oc-449">
         <name>.const:g_ppui32UARTIntMap</name>
         <load_address>0x35d4</load_address>
         <run_address>0x35d4</run_address>
         <size>0x40</size>
         <input_file_ref idref="fl-ee"/>
      </object_component>
      <object_component id="oc-44c">
         <name>.const:g_ppui32UARTIntMapSnowflake</name>
         <load_address>0x3614</load_address>
         <run_address>0x3614</run_address>
         <size>0x40</size>
         <input_file_ref idref="fl-ee"/>
      </object_component>
      <object_component id="oc-2d6">
         <name>.const:g_ui32UARTBase</name>
         <load_address>0x3654</load_address>
         <run_address>0x3654</run_address>
         <size>0xc</size>
         <input_file_ref idref="fl-1c"/>
      </object_component>
      <object_component id="oc-2d3">
         <name>.const:g_ui32UARTPeriph</name>
         <load_address>0x3660</load_address>
         <run_address>0x3660</run_address>
         <size>0xc</size>
         <input_file_ref idref="fl-1c"/>
      </object_component>
      <object_component id="oc-4d6">
         <name>.const:.string:child_payload_size</name>
         <load_address>0x366c</load_address>
         <run_address>0x366c</run_address>
         <size>0x6</size>
         <input_file_ref idref="fl-b"/>
      </object_component>
      <object_component id="oc-4d3">
         <name>.const:.string:child_pipe</name>
         <load_address>0x3672</load_address>
         <run_address>0x3672</run_address>
         <size>0x6</size>
         <input_file_ref idref="fl-b"/>
      </object_component>
      <object_component id="oc-4d9">
         <name>.const:.string:child_pipe_enable</name>
         <load_address>0x3678</load_address>
         <run_address>0x3678</run_address>
         <size>0x6</size>
         <input_file_ref idref="fl-b"/>
      </object_component>
      <object_component id="oc-8e">
         <name>.const</name>
         <load_address>0x3680</load_address>
         <run_address>0x3680</run_address>
         <size>0x4</size>
         <input_file_ref idref="fl-18"/>
      </object_component>
      <object_component id="oc-716">
         <name>.cinit..data.load</name>
         <load_address>0x3688</load_address>
         <run_address>0x3688</run_address>
         <size>0x45</size>
      </object_component>
      <object_component id="oc-713">
         <name>__TI_handler_table</name>
         <load_address>0x36d0</load_address>
         <run_address>0x36d0</run_address>
         <size>0xc</size>
      </object_component>
      <object_component id="oc-717">
         <name>.cinit..bss.load</name>
         <load_address>0x36e0</load_address>
         <run_address>0x36e0</run_address>
         <size>0x8</size>
      </object_component>
      <object_component id="oc-715">
         <name>.cinit..vtable.load</name>
         <load_address>0x36e8</load_address>
         <run_address>0x36e8</run_address>
         <size>0x8</size>
      </object_component>
      <object_component id="oc-714">
         <name>__TI_cinit_table</name>
         <load_address>0x36f0</load_address>
         <run_address>0x36f0</run_address>
         <size>0x18</size>
      </object_component>
      <object_component id="oc-450">
         <name>.vtable</name>
         <uninitialized>true</uninitialized>
         <run_address>0x20000000</run_address>
         <size>0x26c</size>
         <input_file_ref idref="fl-eb"/>
      </object_component>
      <object_component id="oc-2f4">
         <name>.data</name>
         <load_address>0x20005836</load_address>
         <run_address>0x20005836</run_address>
         <size>0x2</size>
         <input_file_ref idref="fl-3"/>
      </object_component>
      <object_component id="oc-5af">
         <name>.data</name>
         <load_address>0x200057f8</load_address>
         <run_address>0x200057f8</run_address>
         <size>0x18</size>
         <input_file_ref idref="fl-a"/>
      </object_component>
      <object_component id="oc-322">
         <name>.data:addresses</name>
         <load_address>0x200057e0</load_address>
         <run_address>0x200057e0</run_address>
         <size>0x18</size>
         <input_file_ref idref="fl-b"/>
      </object_component>
      <object_component id="oc-2f7">
         <name>.data</name>
         <load_address>0x20005810</load_address>
         <run_address>0x20005810</run_address>
         <size>0x14</size>
         <input_file_ref idref="fl-d"/>
      </object_component>
      <object_component id="oc-2fd">
         <name>.data:searchSequence</name>
         <load_address>0x20005831</load_address>
         <run_address>0x20005831</run_address>
         <size>0x5</size>
         <input_file_ref idref="fl-d"/>
      </object_component>
      <object_component id="oc-277">
         <name>.data</name>
         <load_address>0x2000582c</load_address>
         <run_address>0x2000582c</run_address>
         <size>0x5</size>
         <input_file_ref idref="fl-13"/>
      </object_component>
      <object_component id="oc-8b">
         <name>.data</name>
         <load_address>0x200057b0</load_address>
         <run_address>0x200057b0</run_address>
         <size>0x30</size>
         <input_file_ref idref="fl-17"/>
      </object_component>
      <object_component id="oc-34c">
         <name>.data</name>
         <load_address>0x20005840</load_address>
         <run_address>0x20005840</run_address>
         <size>0x4</size>
         <input_file_ref idref="fl-18"/>
      </object_component>
      <object_component id="oc-338">
         <name>.data</name>
         <load_address>0x20005824</load_address>
         <run_address>0x20005824</run_address>
         <size>0x8</size>
         <input_file_ref idref="fl-1a"/>
      </object_component>
      <object_component id="oc-2d9">
         <name>.data</name>
         <load_address>0x20005838</load_address>
         <run_address>0x20005838</run_address>
         <size>0x5</size>
         <input_file_ref idref="fl-1c"/>
      </object_component>
      <object_component id="oc-ef">
         <name>.bss:pxReadyTasksLists</name>
         <uninitialized>true</uninitialized>
         <run_address>0x2000508c</run_address>
         <size>0x140</size>
         <input_file_ref idref="fl-17"/>
      </object_component>
      <object_component id="oc-52f">
         <name>.bss:xDelayedTaskList1</name>
         <uninitialized>true</uninitialized>
         <run_address>0x200054f4</run_address>
         <size>0x14</size>
         <input_file_ref idref="fl-17"/>
      </object_component>
      <object_component id="oc-532">
         <name>.bss:xDelayedTaskList2</name>
         <uninitialized>true</uninitialized>
         <run_address>0x20005508</run_address>
         <size>0x14</size>
         <input_file_ref idref="fl-17"/>
      </object_component>
      <object_component id="oc-105">
         <name>.bss</name>
         <uninitialized>true</uninitialized>
         <run_address>0x20005558</run_address>
         <size>0x8</size>
         <input_file_ref idref="fl-17"/>
      </object_component>
      <object_component id="oc-35a">
         <name>.bss:xPendingReadyList</name>
         <uninitialized>true</uninitialized>
         <run_address>0x2000551c</run_address>
         <size>0x14</size>
         <input_file_ref idref="fl-17"/>
      </object_component>
      <object_component id="oc-535">
         <name>.bss:xTasksWaitingTermination</name>
         <uninitialized>true</uninitialized>
         <run_address>0x20005544</run_address>
         <size>0x14</size>
         <input_file_ref idref="fl-17"/>
      </object_component>
      <object_component id="oc-36b">
         <name>.bss:xSuspendedTaskList</name>
         <uninitialized>true</uninitialized>
         <run_address>0x20005530</run_address>
         <size>0x14</size>
         <input_file_ref idref="fl-17"/>
      </object_component>
      <object_component id="oc-4ff">
         <name>.bss:ucHeap</name>
         <uninitialized>true</uninitialized>
         <run_address>0x2000026c</run_address>
         <size>0x4e20</size>
         <input_file_ref idref="fl-1a"/>
      </object_component>
      <object_component id="oc-33b">
         <name>.bss:xStart</name>
         <uninitialized>true</uninitialized>
         <run_address>0x20005568</run_address>
         <size>0x8</size>
         <input_file_ref idref="fl-1a"/>
      </object_component>
      <object_component id="oc-33e">
         <name>.bss:xEnd</name>
         <uninitialized>true</uninitialized>
         <run_address>0x20005560</run_address>
         <size>0x8</size>
         <input_file_ref idref="fl-1a"/>
      </object_component>
      <object_component id="oc-1f8">
         <name>.common:g_pUARTSemaphore</name>
         <uninitialized>true</uninitialized>
         <run_address>0x200055a4</run_address>
         <size>0x4</size>
      </object_component>
      <object_component id="oc-150">
         <name>.common:g_pUART1TXSemaphore</name>
         <uninitialized>true</uninitialized>
         <run_address>0x200055a0</run_address>
         <size>0x4</size>
      </object_component>
      <object_component id="oc-6cf">
         <name>.common:task</name>
         <uninitialized>true</uninitialized>
         <run_address>0x200052d0</run_address>
         <size>0x104</size>
      </object_component>
      <object_component id="oc-31f">
         <name>.common:nrf</name>
         <uninitialized>true</uninitialized>
         <run_address>0x200054d8</run_address>
         <size>0x1c</size>
      </object_component>
      <object_component id="oc-25f">
         <name>.common:g_pLogicTasksQueue</name>
         <uninitialized>true</uninitialized>
         <run_address>0x2000558c</run_address>
         <size>0x4</size>
      </object_component>
      <object_component id="oc-268">
         <name>.common:g_pEspRcvQueue</name>
         <uninitialized>true</uninitialized>
         <run_address>0x20005588</run_address>
         <size>0x4</size>
      </object_component>
      <object_component id="oc-2fa">
         <name>.common:receiveBuffer</name>
         <uninitialized>true</uninitialized>
         <run_address>0x20005458</run_address>
         <size>0x80</size>
      </object_component>
      <object_component id="oc-3b4">
         <name>.common:Receivedtask</name>
         <uninitialized>true</uninitialized>
         <run_address>0x200051cc</run_address>
         <size>0x104</size>
      </object_component>
      <object_component id="oc-26a">
         <name>.common:g_pReceiveBufferQueue</name>
         <uninitialized>true</uninitialized>
         <run_address>0x2000559c</run_address>
         <size>0x4</size>
      </object_component>
      <object_component id="oc-2fb">
         <name>.common:pack</name>
         <uninitialized>true</uninitialized>
         <run_address>0x200053d4</run_address>
         <size>0x84</size>
      </object_component>
      <object_component id="oc-2fc">
         <name>.common:aux</name>
         <uninitialized>true</uninitialized>
         <run_address>0x20005578</run_address>
         <size>0x4</size>
      </object_component>
      <object_component id="oc-3c3">
         <name>.common:g_pEspMqttRcvQueue</name>
         <uninitialized>true</uninitialized>
         <run_address>0x20005580</run_address>
         <size>0x4</size>
      </object_component>
      <object_component id="oc-686">
         <name>.common:g_pManagerRadioToSendQueue</name>
         <uninitialized>true</uninitialized>
         <run_address>0x20005590</run_address>
         <size>0x4</size>
      </object_component>
      <object_component id="oc-683">
         <name>.common:data</name>
         <uninitialized>true</uninitialized>
         <run_address>0x200055a8</run_address>
         <size>0x3</size>
      </object_component>
      <object_component id="oc-5c4">
         <name>.common:g_pEspMqttSndQueue</name>
         <uninitialized>true</uninitialized>
         <run_address>0x20005584</run_address>
         <size>0x4</size>
      </object_component>
      <object_component id="oc-695">
         <name>.common:pubPack</name>
         <uninitialized>true</uninitialized>
         <run_address>0x20005570</run_address>
         <size>0x8</size>
      </object_component>
      <object_component id="oc-5d8">
         <name>.common:g_pRadioRcvQueue</name>
         <uninitialized>true</uninitialized>
         <run_address>0x20005594</run_address>
         <size>0x4</size>
      </object_component>
      <object_component id="oc-5ce">
         <name>.common:g_pRadioSndQueue</name>
         <uninitialized>true</uninitialized>
         <run_address>0x20005598</run_address>
         <size>0x4</size>
      </object_component>
      <object_component id="oc-274">
         <name>.common:g_pATResponseSemaphore</name>
         <uninitialized>true</uninitialized>
         <run_address>0x2000557c</run_address>
         <size>0x4</size>
      </object_component>
      <object_component id="oc-5a0">
         <name>.common:at</name>
         <uninitialized>true</uninitialized>
         <run_address>0x200055ab</run_address>
         <size>0x1</size>
      </object_component>
      <object_component id="oc-59d">
         <name>.common:cwmode</name>
         <uninitialized>true</uninitialized>
         <run_address>0x200055af</run_address>
         <size>0x1</size>
      </object_component>
      <object_component id="oc-59e">
         <name>.common:cwjap</name>
         <uninitialized>true</uninitialized>
         <run_address>0x200055ae</run_address>
         <size>0x1</size>
      </object_component>
      <object_component id="oc-59f">
         <name>.common:cipstart</name>
         <uninitialized>true</uninitialized>
         <run_address>0x200055ad</run_address>
         <size>0x1</size>
      </object_component>
      <object_component id="oc-59c">
         <name>.common:cipmode</name>
         <uninitialized>true</uninitialized>
         <run_address>0x200055ac</run_address>
         <size>0x1</size>
      </object_component>
      <object_component id="oc-21">
         <name>.stack</name>
         <uninitialized>true</uninitialized>
         <run_address>0x200055b0</run_address>
         <size>0x4</size>
         <input_file_ref idref="fl-e2"/>
      </object_component>
      <object_component id="oc-718">
         <name>.stack</name>
         <uninitialized>true</uninitialized>
         <run_address>0x200055b0</run_address>
         <size>0x0</size>
      </object_component>
      <object_component id="oc-10e">
         <name>.debug_info</name>
         <load_address>0x0</load_address>
         <run_address>0x0</run_address>
         <size>0x62e</size>
         <input_file_ref idref="fl-2"/>
      </object_component>
      <object_component id="oc-1a3">
         <name>.debug_info</name>
         <load_address>0x62e</load_address>
         <run_address>0x62e</run_address>
         <size>0x2ef</size>
         <input_file_ref idref="fl-2"/>
      </object_component>
      <object_component id="oc-a1">
         <name>.debug_info</name>
         <load_address>0x91d</load_address>
         <run_address>0x91d</run_address>
         <size>0x26b</size>
         <input_file_ref idref="fl-2"/>
      </object_component>
      <object_component id="oc-50">
         <name>.debug_info</name>
         <load_address>0xb88</load_address>
         <run_address>0xb88</run_address>
         <size>0x84</size>
         <input_file_ref idref="fl-2"/>
      </object_component>
      <object_component id="oc-1c4">
         <name>.debug_info</name>
         <load_address>0xc0c</load_address>
         <run_address>0xc0c</run_address>
         <size>0x46</size>
         <input_file_ref idref="fl-2"/>
      </object_component>
      <object_component id="oc-1c9">
         <name>.debug_info</name>
         <load_address>0xc52</load_address>
         <run_address>0xc52</run_address>
         <size>0x2c</size>
         <input_file_ref idref="fl-2"/>
      </object_component>
      <object_component id="oc-1a8">
         <name>.debug_info</name>
         <load_address>0xc7e</load_address>
         <run_address>0xc7e</run_address>
         <size>0x2c</size>
         <input_file_ref idref="fl-2"/>
      </object_component>
      <object_component id="oc-109">
         <name>.debug_info</name>
         <load_address>0xcaa</load_address>
         <run_address>0xcaa</run_address>
         <size>0x297</size>
         <input_file_ref idref="fl-2"/>
      </object_component>
      <object_component id="oc-a6">
         <name>.debug_info</name>
         <load_address>0xf41</load_address>
         <run_address>0xf41</run_address>
         <size>0xbb</size>
         <input_file_ref idref="fl-2"/>
      </object_component>
      <object_component id="oc-397">
         <name>.debug_info</name>
         <load_address>0xffc</load_address>
         <run_address>0xffc</run_address>
         <size>0x53</size>
         <input_file_ref idref="fl-2"/>
      </object_component>
      <object_component id="oc-e1">
         <name>.debug_info</name>
         <load_address>0x104f</load_address>
         <run_address>0x104f</run_address>
         <size>0x53</size>
         <input_file_ref idref="fl-2"/>
      </object_component>
      <object_component id="oc-32d">
         <name>.debug_info</name>
         <load_address>0x10a2</load_address>
         <run_address>0x10a2</run_address>
         <size>0x2c</size>
         <input_file_ref idref="fl-2"/>
      </object_component>
      <object_component id="oc-1b2">
         <name>.debug_info</name>
         <load_address>0x10ce</load_address>
         <run_address>0x10ce</run_address>
         <size>0x14c</size>
         <input_file_ref idref="fl-2"/>
      </object_component>
      <object_component id="oc-151">
         <name>.debug_info</name>
         <load_address>0x121a</load_address>
         <run_address>0x121a</run_address>
         <size>0x544</size>
         <input_file_ref idref="fl-3"/>
      </object_component>
      <object_component id="oc-2f5">
         <name>.debug_info</name>
         <load_address>0x175e</load_address>
         <run_address>0x175e</run_address>
         <size>0x158</size>
         <input_file_ref idref="fl-3"/>
      </object_component>
      <object_component id="oc-ec">
         <name>.debug_info</name>
         <load_address>0x18b6</load_address>
         <run_address>0x18b6</run_address>
         <size>0x19f</size>
         <input_file_ref idref="fl-3"/>
      </object_component>
      <object_component id="oc-128">
         <name>.debug_info</name>
         <load_address>0x1a55</load_address>
         <run_address>0x1a55</run_address>
         <size>0x18c</size>
         <input_file_ref idref="fl-3"/>
      </object_component>
      <object_component id="oc-ce">
         <name>.debug_info</name>
         <load_address>0x1be1</load_address>
         <run_address>0x1be1</run_address>
         <size>0x226</size>
         <input_file_ref idref="fl-3"/>
      </object_component>
      <object_component id="oc-4ec">
         <name>.debug_info</name>
         <load_address>0x1e07</load_address>
         <run_address>0x1e07</run_address>
         <size>0x19d</size>
         <input_file_ref idref="fl-3"/>
      </object_component>
      <object_component id="oc-154">
         <name>.debug_info</name>
         <load_address>0x1fa4</load_address>
         <run_address>0x1fa4</run_address>
         <size>0x8b</size>
         <input_file_ref idref="fl-3"/>
      </object_component>
      <object_component id="oc-49">
         <name>.debug_info</name>
         <load_address>0x202f</load_address>
         <run_address>0x202f</run_address>
         <size>0x357</size>
         <input_file_ref idref="fl-4"/>
      </object_component>
      <object_component id="oc-10">
         <name>.debug_info</name>
         <load_address>0x2386</load_address>
         <run_address>0x2386</run_address>
         <size>0x116</size>
         <input_file_ref idref="fl-4"/>
      </object_component>
      <object_component id="oc-25">
         <name>.debug_info</name>
         <load_address>0x249c</load_address>
         <run_address>0x249c</run_address>
         <size>0x146</size>
         <input_file_ref idref="fl-4"/>
      </object_component>
      <object_component id="oc-2b">
         <name>.debug_info</name>
         <load_address>0x25e2</load_address>
         <run_address>0x25e2</run_address>
         <size>0x137</size>
         <input_file_ref idref="fl-4"/>
      </object_component>
      <object_component id="oc-3a">
         <name>.debug_info</name>
         <load_address>0x2719</load_address>
         <run_address>0x2719</run_address>
         <size>0x14f</size>
         <input_file_ref idref="fl-4"/>
      </object_component>
      <object_component id="oc-32">
         <name>.debug_info</name>
         <load_address>0x2868</load_address>
         <run_address>0x2868</run_address>
         <size>0x13d</size>
         <input_file_ref idref="fl-4"/>
      </object_component>
      <object_component id="oc-2b0">
         <name>.debug_info</name>
         <load_address>0x29a5</load_address>
         <run_address>0x29a5</run_address>
         <size>0x4bb</size>
         <input_file_ref idref="fl-6"/>
      </object_component>
      <object_component id="oc-57a">
         <name>.debug_info</name>
         <load_address>0x2e60</load_address>
         <run_address>0x2e60</run_address>
         <size>0x148</size>
         <input_file_ref idref="fl-6"/>
      </object_component>
      <object_component id="oc-580">
         <name>.debug_info</name>
         <load_address>0x2fa8</load_address>
         <run_address>0x2fa8</run_address>
         <size>0x147</size>
         <input_file_ref idref="fl-6"/>
      </object_component>
      <object_component id="oc-58c">
         <name>.debug_info</name>
         <load_address>0x30ef</load_address>
         <run_address>0x30ef</run_address>
         <size>0x145</size>
         <input_file_ref idref="fl-6"/>
      </object_component>
      <object_component id="oc-592">
         <name>.debug_info</name>
         <load_address>0x3234</load_address>
         <run_address>0x3234</run_address>
         <size>0x14b</size>
         <input_file_ref idref="fl-6"/>
      </object_component>
      <object_component id="oc-5a5">
         <name>.debug_info</name>
         <load_address>0x337f</load_address>
         <run_address>0x337f</run_address>
         <size>0x235</size>
         <input_file_ref idref="fl-6"/>
      </object_component>
      <object_component id="oc-585">
         <name>.debug_info</name>
         <load_address>0x35b4</load_address>
         <run_address>0x35b4</run_address>
         <size>0x147</size>
         <input_file_ref idref="fl-6"/>
      </object_component>
      <object_component id="oc-597">
         <name>.debug_info</name>
         <load_address>0x36fb</load_address>
         <run_address>0x36fb</run_address>
         <size>0x14b</size>
         <input_file_ref idref="fl-6"/>
      </object_component>
      <object_component id="oc-573">
         <name>.debug_info</name>
         <load_address>0x3846</load_address>
         <run_address>0x3846</run_address>
         <size>0x13f</size>
         <input_file_ref idref="fl-6"/>
      </object_component>
      <object_component id="oc-199">
         <name>.debug_info</name>
         <load_address>0x3985</load_address>
         <run_address>0x3985</run_address>
         <size>0x110</size>
         <input_file_ref idref="fl-6"/>
      </object_component>
      <object_component id="oc-67a">
         <name>.debug_info</name>
         <load_address>0x3a95</load_address>
         <run_address>0x3a95</run_address>
         <size>0x5d3</size>
         <input_file_ref idref="fl-9"/>
      </object_component>
      <object_component id="oc-66c">
         <name>.debug_info</name>
         <load_address>0x4068</load_address>
         <run_address>0x4068</run_address>
         <size>0x269</size>
         <input_file_ref idref="fl-9"/>
      </object_component>
      <object_component id="oc-5aa">
         <name>.debug_info</name>
         <load_address>0x42d1</load_address>
         <run_address>0x42d1</run_address>
         <size>0x198</size>
         <input_file_ref idref="fl-9"/>
      </object_component>
      <object_component id="oc-6d3">
         <name>.debug_info</name>
         <load_address>0x4469</load_address>
         <run_address>0x4469</run_address>
         <size>0x6c</size>
         <input_file_ref idref="fl-9"/>
      </object_component>
      <object_component id="oc-117">
         <name>.debug_info</name>
         <load_address>0x44d5</load_address>
         <run_address>0x44d5</run_address>
         <size>0x2c</size>
         <input_file_ref idref="fl-9"/>
      </object_component>
      <object_component id="oc-5b5">
         <name>.debug_info</name>
         <load_address>0x4501</load_address>
         <run_address>0x4501</run_address>
         <size>0x4bc</size>
         <input_file_ref idref="fl-a"/>
      </object_component>
      <object_component id="oc-5b0">
         <name>.debug_info</name>
         <load_address>0x49bd</load_address>
         <run_address>0x49bd</run_address>
         <size>0x1c6</size>
         <input_file_ref idref="fl-a"/>
      </object_component>
[...]
         <value>0x20005818</value>
         <object_component_ref idref="oc-2f7"/>
      </symbol>
      <symbol id="sm-39b">
         <name>bufferPointer</name>
         <value>0x20005810</value>
         <object_component_ref idref="oc-2f7"/>
      </symbol>
      <symbol id="sm-39c">
         <name>searchSequence</name>
         <value>0x20005831</value>
         <object_component_ref idref="oc-2fd"/>
      </symbol>
      <symbol id="sm-39d">
         <name>UARTInt1Handler</name>
         <value>0x45d</value>
         <object_component_ref idref="oc-1f2"/>
      </symbol>
      <symbol id="sm-39e">
         <name>aux1</name>
         <value>0x20005820</value>
         <object_component_ref idref="oc-2f7"/>
      </symbol>
      <symbol id="sm-39f">
         <name>EspRcvTaskInit</name>
         <value>0x26b9</value>
         <object_component_ref idref="oc-13e"/>
      </symbol>
      <symbol id="sm-3a0">
         <name>searchPointer</name>
         <value>0x20005814</value>
         <object_component_ref idref="oc-2f7"/>
      </symbol>
      <symbol id="sm-3ab">
         <name>g_pEspMqttRcvQueue</name>
         <value>0x20005580</value>
      </symbol>
      <symbol id="sm-3ac">
         <name>g_pManagerRadioToSendQueue</name>
         <value>0x20005590</value>
      </symbol>
      <symbol id="sm-3ad">
         <name>data</name>
         <value>0x200055a8</value>
      </symbol>
      <symbol id="sm-3d3">
         <name>g_pEspMqttSndQueue</name>
         <value>0x20005584</value>
      </symbol>
      <symbol id="sm-3d4">
         <name>pubPack</name>
         <value>0x20005570</value>
      </symbol>
      <symbol id="sm-3d5">
         <name>MqttSndTaskInit</name>
         <value>0x2749</value>
         <object_component_ref idref="oc-3fb"/>
      </symbol>
      <symbol id="sm-3f5">
         <name>EspPingTaskInit</name>
         <value>0x2d25</value>
         <object_component_ref idref="oc-3ef"/>
      </symbol>
      <symbol id="sm-422">
         <name>g_pRadioRcvQueue</name>
         <value>0x20005594</value>
      </symbol>
      <symbol id="sm-423">
         <name>NrfRcvTaskInit</name>
         <value>0x2791</value>
         <object_component_ref idref="oc-407"/>
      </symbol>
      <symbol id="sm-44a">
         <name>g_pRadioSndQueue</name>
         <value>0x20005598</value>
      </symbol>
      <symbol id="sm-44b">
         <name>NrfSndTaskInit</name>
         <value>0x2821</value>
         <object_component_ref idref="oc-401"/>
      </symbol>
      <symbol id="sm-494">
         <name>g_pATResponseSemaphore</name>
         <value>0x2000557c</value>
      </symbol>
      <symbol id="sm-495">
         <name>at</name>
         <value>0x200055ab</value>
      </symbol>
      <symbol id="sm-496">
         <name>cwmode</name>
         <value>0x200055af</value>
      </symbol>
      <symbol id="sm-497">
         <name>cwjap</name>
         <value>0x200055ae</value>
      </symbol>
      <symbol id="sm-498">
         <name>cipstart</name>
         <value>0x200055ad</value>
      </symbol>
      <symbol id="sm-499">
         <name>cipmode</name>
         <value>0x200055ac</value>
      </symbol>
      <symbol id="sm-49a">
         <name>configESP</name>
         <value>0xb2d</value>
         <object_component_ref idref="oc-3d1"/>
      </symbol>
      <symbol id="sm-49b">
         <name>cipmux</name>
         <value>0x20005830</value>
         <object_component_ref idref="oc-277"/>
      </symbol>
      <symbol id="sm-49c">
         <name>xHandle</name>
         <value>0x2000582c</value>
         <object_component_ref idref="oc-277"/>
      </symbol>
      <symbol id="sm-49d">
         <name>ConfigTaskInit</name>
         <value>0x2621</value>
         <object_component_ref idref="oc-144"/>
      </symbol>
      <symbol id="sm-4c6">
         <name>ManagerTaskInit</name>
         <value>0x2d8d</value>
         <object_component_ref idref="oc-3f5"/>
      </symbol>
      <symbol id="sm-4f6">
         <name>uxListRemove</name>
         <value>0x309b</value>
         <object_component_ref idref="oc-f9"/>
      </symbol>
      <symbol id="sm-4f7">
         <name>vListInsert</name>
         <value>0x2c49</value>
         <object_component_ref idref="oc-35f"/>
      </symbol>
      <symbol id="sm-4f8">
         <name>vListInitialiseItem</name>
         <value>0x3411</value>
         <object_component_ref idref="oc-521"/>
      </symbol>
      <symbol id="sm-4f9">
         <name>vListInsertEnd</name>
         <value>0x3221</value>
         <object_component_ref idref="oc-ff"/>
      </symbol>
      <symbol id="sm-4fa">
         <name>vListInitialise</name>
         <value>0x3269</value>
         <object_component_ref idref="oc-2e1"/>
      </symbol>
      <symbol id="sm-58a">
         <name>xQueueGenericCreate</name>
         <value>0x2af1</value>
         <object_component_ref idref="oc-12c"/>
      </symbol>
      <symbol id="sm-58b">
         <name>xQueueCreateMutex</name>
         <value>0x25d1</value>
         <object_component_ref idref="oc-1ec"/>
      </symbol>
      <symbol id="sm-58c">
         <name>xQueueGenericSend</name>
         <value>0x1071</value>
         <object_component_ref idref="oc-132"/>
      </symbol>
      <symbol id="sm-58d">
         <name>xQueueGenericReset</name>
         <value>0x1b21</value>
         <object_component_ref idref="oc-20d"/>
      </symbol>
      <symbol id="sm-58e">
         <name>xQueueGenericReceive</name>
         <value>0xc45</value>
         <object_component_ref idref="oc-39c"/>
      </symbol>
      <symbol id="sm-75b">
         <name>vTaskDelay</name>
         <value>0x2375</value>
         <object_component_ref idref="oc-3e3"/>
      </symbol>
      <symbol id="sm-75c">
         <name>vTaskSuspendAll</name>
         <value>0x3375</value>
         <object_component_ref idref="oc-222"/>
      </symbol>
      <symbol id="sm-75d">
         <name>vTaskPriorityInherit</name>
         <value>0x18f1</value>
         <object_component_ref idref="oc-53f"/>
      </symbol>
      <symbol id="sm-75e">
         <name>vTaskPlaceOnEventList</name>
         <value>0x2011</value>
         <object_component_ref idref="oc-246"/>
      </symbol>
      <symbol id="sm-75f">
         <name>xTaskCheckForTimeOut</name>
         <value>0x252d</value>
         <object_component_ref idref="oc-22e"/>
      </symbol>
      <symbol id="sm-760">
         <name>xTaskPriorityDisinherit</name>
         <value>0x1c21</value>
         <object_component_ref idref="oc-36f"/>
      </symbol>
      <symbol id="sm-761">
         <name>vTaskStartScheduler</name>
         <value>0x22b9</value>
         <object_component_ref idref="oc-14a"/>
      </symbol>
      <symbol id="sm-762">
         <name>pvTaskIncrementMutexHeldCount</name>
         <value>0x3209</value>
         <object_component_ref idref="oc-54b"/>
      </symbol>
      <symbol id="sm-763">
         <name>vTaskMissedYield</name>
         <value>0x33ad</value>
         <object_component_ref idref="oc-353"/>
      </symbol>
      <symbol id="sm-764">
         <name>xTaskResumeAll</name>
         <value>0x1159</value>
         <object_component_ref idref="oc-23a"/>
      </symbol>
      <symbol id="sm-765">
         <name>xTaskGenericCreate</name>
         <value>0xf71</value>
         <object_component_ref idref="oc-259"/>
      </symbol>
      <symbol id="sm-766">
         <name>vTaskDelete</name>
         <value>0x14a5</value>
         <object_component_ref idref="oc-40d"/>
      </symbol>
      <symbol id="sm-767">
         <name>pxCurrentTCB</name>
         <value>0x200057b0</value>
         <object_component_ref idref="oc-8b"/>
      </symbol>
      <symbol id="sm-768">
         <name>vTaskSetTimeOutState</name>
         <value>0x3251</value>
         <object_component_ref idref="oc-216"/>
      </symbol>
      <symbol id="sm-769">
         <name>xTaskIncrementTick</name>
         <value>0xe6d</value>
         <object_component_ref idref="oc-98"/>
      </symbol>
      <symbol id="sm-76a">
         <name>vTaskSwitchContext</name>
         <value>0x1a0d</value>
         <object_component_ref idref="oc-91"/>
      </symbol>
      <symbol id="sm-76b">
         <name>xTaskRemoveFromEventList</name>
         <value>0x1d81</value>
         <object_component_ref idref="oc-252"/>
      </symbol>
      <symbol id="sm-7c5">
         <name>ulMaxSyscallInterruptPriority</name>
         <value>0x3680</value>
         <object_component_ref idref="oc-8e"/>
      </symbol>
      <symbol id="sm-7c6">
         <name>vPortSetupTimerInterrupt</name>
         <value>0x32bd</value>
         <object_component_ref idref="oc-414"/>
      </symbol>
      <symbol id="sm-7c7">
         <name>xPortSysTickHandler</name>
         <value>0x2eb9</value>
         <object_component_ref idref="oc-41"/>
      </symbol>
      <symbol id="sm-7c8">
         <name>pxPortInitialiseStack</name>
         <value>0x3005</value>
         <object_component_ref idref="oc-383"/>
      </symbol>
      <symbol id="sm-7c9">
         <name>vPortExitCritical</name>
         <value>0x3239</value>
         <object_component_ref idref="oc-21c"/>
      </symbol>
      <symbol id="sm-7ca">
         <name>xPortStartScheduler</name>
         <value>0x2a35</value>
         <object_component_ref idref="oc-281"/>
      </symbol>
      <symbol id="sm-7cb">
         <name>vPortEnterCritical</name>
         <value>0x3151</value>
         <object_component_ref idref="oc-228"/>
      </symbol>
      <symbol id="sm-7da">
         <name>vPortStartFirstTask</name>
         <value>0x13c1</value>
         <object_component_ref idref="oc-3c"/>
      </symbol>
      <symbol id="sm-7db">
         <name>ulPortGetIPSR</name>
         <value>0x1329</value>
         <object_component_ref idref="oc-3c"/>
      </symbol>
      <symbol id="sm-7dc">
         <name>vPortEnableVFP</name>
         <value>0x13dd</value>
         <object_component_ref idref="oc-3c"/>
      </symbol>
      <symbol id="sm-7dd">
         <name>xPortPendSVHandler</name>
         <value>0x1341</value>
         <object_component_ref idref="oc-3c"/>
      </symbol>
      <symbol id="sm-7de">
         <name>vPortSVCHandler</name>
         <value>0x13a1</value>
         <object_component_ref idref="oc-3c"/>
      </symbol>
      <symbol id="sm-833">
         <name>pvPortMalloc</name>
         <value>0x1559</value>
         <object_component_ref idref="oc-207"/>
      </symbol>
      <symbol id="sm-834">
         <name>vPortFree</name>
         <value>0x28ed</value>
         <object_component_ref idref="oc-51a"/>
      </symbol>
      <symbol id="sm-858">
         <name>ConfigureUART</name>
         <value>0xa01</value>
         <object_component_ref idref="oc-120"/>
      </symbol>
      <symbol id="sm-859">
         <name>safePrintf</name>
         <value>0x29f5</value>
         <object_component_ref idref="oc-3cb"/>
      </symbol>
      <symbol id="sm-8c7">
         <name>UARTStdioConfig</name>
         <value>0x21f9</value>
         <object_component_ref idref="oc-1e6"/>
      </symbol>
      <symbol id="sm-8c8">
         <name>UARTwrite</name>
         <value>0x27d9</value>
         <object_component_ref idref="oc-4f3"/>
      </symbol>
      <symbol id="sm-8c9">
         <name>UARTprintf</name>
         <value>0x31a5</value>
         <object_component_ref idref="oc-200"/>
      </symbol>
      <symbol id="sm-8ca">
         <name>UARTvprintf</name>
         <value>0x26d</value>
         <object_component_ref idref="oc-326"/>
      </symbol>
      <symbol id="sm-8da">
         <name>__aeabi_memset</name>
         <value>0x1ba7</value>
         <object_component_ref idref="oc-c0"/>
      </symbol>
      <symbol id="sm-8db">
         <name>memset</name>
         <value>0x1bad</value>
         <object_component_ref idref="oc-c0"/>
      </symbol>
      <symbol id="sm-8dc">
         <name>__aeabi_memset8</name>
         <value>0x1ba7</value>
         <object_component_ref idref="oc-c0"/>
      </symbol>
      <symbol id="sm-8dd">
         <name>__aeabi_memset4</name>
         <value>0x1ba7</value>
         <object_component_ref idref="oc-c0"/>
      </symbol>
      <symbol id="sm-8de">
         <name>__aeabi_memclr8</name>
         <value>0x1ba5</value>
         <object_component_ref idref="oc-c0"/>
      </symbol>
      <symbol id="sm-8df">
         <name>__aeabi_memclr4</name>
         <value>0x1ba5</value>
         <object_component_ref idref="oc-c0"/>
      </symbol>
      <symbol id="sm-8e0">
         <name>__aeabi_memclr</name>
         <value>0x1ba5</value>
         <object_component_ref idref="oc-c0"/>
      </symbol>
      <symbol id="sm-8fc">
         <name>memcpy</name>
         <value>0x16a1</value>
         <object_component_ref idref="oc-55"/>
      </symbol>
      <symbol id="sm-8fd">
         <name>__aeabi_memcpy</name>
         <value>0x16a1</value>
         <object_component_ref idref="oc-55"/>
      </symbol>
      <symbol id="sm-8fe">
         <name>__aeabi_memcpy8</name>
         <value>0x16a1</value>
         <object_component_ref idref="oc-55"/>
      </symbol>
      <symbol id="sm-8ff">
         <name>__aeabi_memcpy4</name>
         <value>0x16a1</value>
         <object_component_ref idref="oc-55"/>
      </symbol>
      <symbol id="sm-90e">
         <name>__aeabi_uidivmod</name>
         <value>0x29b5</value>
         <object_component_ref idref="oc-4f9"/>
      </symbol>
      <symbol id="sm-90f">
         <name>__aeabi_uidiv</name>
         <value>0x29b5</value>
         <object_component_ref idref="oc-4f9"/>
      </symbol>
      <symbol id="sm-921">
         <name>__TI_zero_init</name>
         <value>0x339f</value>
         <object_component_ref idref="oc-67"/>
      </symbol>
      <symbol id="sm-938">
         <name>__TI_decompress_none</name>
         <value>0x3385</value>
         <object_component_ref idref="oc-18"/>
      </symbol>
      <symbol id="sm-95b">
         <name>__TI_decompress_lzss</name>
         <value>0x1f41</value>
         <object_component_ref idref="oc-12"/>
      </symbol>
      <symbol id="sm-969">
         <name>strcpy</name>
         <value>0x3293</value>
         <object_component_ref idref="oc-2ee"/>
      </symbol>
      <symbol id="sm-977">
         <name>strlen</name>
         <value>0x32a7</value>
         <object_component_ref idref="oc-560"/>
      </symbol>
      <symbol id="sm-987">
         <name>strncpy</name>
         <value>0x2cef</value>
         <object_component_ref idref="oc-3bd"/>
      </symbol>
      <symbol id="sm-99a">
         <name>__stack</name>
         <value>0x200055b0</value>
         <object_component_ref idref="oc-21"/>
      </symbol>
      <symbol id="sm-99b">
         <name>_c_int00_noargs</name>
         <value>0x2df5</value>
         <object_component_ref idref="oc-73"/>
      </symbol>
      <symbol id="sm-9a5">
         <name>__aeabi_idiv0</name>
         <value>0x1c1f</value>
         <object_component_ref idref="oc-64e"/>
      </symbol>
      <symbol id="sm-9a6">
         <name>__aeabi_ldiv0</name>
         <value>0x1c1f</value>
         <object_component_ref idref="oc-64e"/>
      </symbol>
      <symbol id="sm-9ce">
         <name>__TI_auto_init_nobinit_nopinit</name>
         <value>0x2865</value>
         <object_component_ref idref="oc-165"/>
      </symbol>
      <symbol id="sm-9d8">
         <name>_system_pre_init</name>
         <value>0x3417</value>
         <object_component_ref idref="oc-c6"/>
      </symbol>
      <symbol id="sm-9e4">
         <name>C$$EXIT</name>
         <value>0x341b</value>
         <object_component_ref idref="oc-159"/>
      </symbol>
      <symbol id="sm-9e5">
         <name>abort</name>
         <value>0x341b</value>
         <object_component_ref idref="oc-159"/>
      </symbol>
      <symbol id="sm-a2e">
         <name>GPIOPinConfigure</name>
         <value>0x2701</value>
         <object_component_ref idref="oc-1ce"/>
      </symbol>
      <symbol id="sm-a2f">
         <name>GPIOPinTypeGPIOOutput</name>
         <value>0x31d9</value>
         <object_component_ref idref="oc-475"/>
      </symbol>
      <symbol id="sm-a30">
         <name>GPIODirModeSet</name>
         <value>0x2ee5</value>
         <object_component_ref idref="oc-60e"/>
      </symbol>
      <symbol id="sm-a31">
         <name>GPIOPinWrite</name>
         <value>0x33f9</value>
         <object_component_ref idref="oc-3d7"/>
      </symbol>
      <symbol id="sm-a32">
         <name>GPIOPadConfigSet</name>
         <value>0x8cd</value>
         <object_component_ref idref="oc-608"/>
      </symbol>
      <symbol id="sm-a33">
         <name>GPIOPinTypeSSI</name>
         <value>0x32f9</value>
         <object_component_ref idref="oc-47b"/>
      </symbol>
      <symbol id="sm-a6c">
         <name>IntEnable</name>
         <value>0x1ed9</value>
         <object_component_ref idref="oc-2c9"/>
      </symbol>
      <symbol id="sm-a6d">
         <name>IntRegister</name>
         <value>0x2d59</value>
         <object_component_ref idref="oc-2c3"/>
      </symbol>
      <symbol id="sm-a6e">
         <name>g_pfnRAMVectors</name>
         <value>0x20000000</value>
         <object_component_ref idref="oc-450"/>
      </symbol>
      <symbol id="sm-aa7">
         <name>SSIDataPut</name>
         <value>0x33b9</value>
         <object_component_ref idref="oc-623"/>
      </symbol>
      <symbol id="sm-aa8">
         <name>SSIDataGet</name>
         <value>0x3393</value>
         <object_component_ref idref="oc-62f"/>
      </symbol>
      <symbol id="sm-aa9">
         <name>SSIDataGetNonBlocking</name>
         <value>0x330b</value>
         <object_component_ref idref="oc-63d"/>
      </symbol>
      <symbol id="sm-aaa">
         <name>SSIConfigSetExpClk</name>
         <value>0x2ab5</value>
         <object_component_ref idref="oc-487"/>
      </symbol>
      <symbol id="sm-aab">
         <name>SSIEnable</name>
         <value>0x33c3</value>
         <object_component_ref idref="oc-48d"/>
      </symbol>
      <symbol id="sm-aac">
         <name>SSIBusy</name>
         <value>0x33e1</value>
         <object_component_ref idref="oc-6c3"/>
      </symbol>
      <symbol id="sm-ae8">
         <name>SysCtlDelay</name>
         <value>0x3405</value>
         <object_component_ref idref="oc-493"/>
      </symbol>
      <symbol id="sm-ae9">
         <name>SysCtlPeripheralEnable</name>
         <value>0x2dc1</value>
         <object_component_ref idref="oc-46f"/>
      </symbol>
      <symbol id="sm-aea">
         <name>SysCtlClockGet</name>
         <value>0xd5d</value>
         <object_component_ref idref="oc-481"/>
      </symbol>
      <symbol id="sm-b40">
         <name>UARTBusy</name>
         <value>0x33e9</value>
         <object_component_ref idref="oc-553"/>
      </symbol>
      <symbol id="sm-b41">
         <name>UARTCharPut</name>
         <value>0x33d7</value>
         <object_component_ref idref="oc-559"/>
      </symbol>
      <symbol id="sm-b42">
         <name>UARTEnable</name>
         <value>0x327f</value>
         <object_component_ref idref="oc-1e0"/>
      </symbol>
      <symbol id="sm-b43">
         <name>UARTCharGet</name>
         <value>0x33cd</value>
         <object_component_ref idref="oc-2e8"/>
      </symbol>
      <symbol id="sm-b44">
         <name>UARTFIFOLevelSet</name>
         <value>0x340b</value>
         <object_component_ref idref="oc-1da"/>
      </symbol>
      <symbol id="sm-b45">
         <name>UARTIntRegister</name>
         <value>0x31f1</value>
         <object_component_ref idref="oc-1d4"/>
      </symbol>
      <symbol id="sm-b47">
         <name>__TI_static_base__</name>
         <value>0x0</value>
      </symbol>
      <symbol id="sm-b4a">
         <name>__mpu_init</name>
         <value>0x0</value>
      </symbol>
      <symbol id="sm-b4b">
         <name>_system_post_cinit</name>
         <value>0x0</value>
      </symbol>
   </symbol_table>
   <title>Link successful</title>
</link_info>
