<?xml version="1.0" encoding="ISO-8859-1" ?>
<link_info>
   <banner>TI ARM Linker PC v18.12.3.LTS</banner>
   <copyright>Copyright (c) 1996-2018 Texas Instruments Incorporated</copyright>
   <link_time>0x5e006c0a</link_time>
   <link_errors>0x0</link_errors>
   <output_file>SmartHomeGateway.out</output_file>
   <entry_point>
      <name>_c_int00_noargs</name>
      <address>0x4cf9</address>
   </entry_point>
   <input_file_list>
      <input_file id="fl-2">
         <path>.\</path>
         <kind>object</kind>
         <file>freertos_demo.obj</file>
         <name>freertos_demo.obj</name>
      </input_file>
      <input_file id="fl-3">
         <path>.\</path>
         <kind>object</kind>
         <file>led_task.obj</file>
         <name>led_task.obj</name>
      </input_file>
      <input_file id="fl-4">
         <path>.\</path>
         <kind>object</kind>
         <file>startup_ccs.obj</file>
         <name>startup_ccs.obj</name>
      </input_file>
      <input_file id="fl-5">
         <path>.\</path>
         <kind>object</kind>
         <file>switch_task.obj</file>
         <name>switch_task.obj</name>
      </input_file>
      <input_file id="fl-6">
         <path>.\at\</path>
         <kind>object</kind>
         <file>at.obj</file>
         <name>at.obj</name>
      </input_file>
      <input_file id="fl-7">
         <path>.\drivers\</path>
         <kind>object</kind>
         <file>buttons.obj</file>
         <name>buttons.obj</name>
      </input_file>
      <input_file id="fl-8">
         <path>.\drivers\</path>
         <kind>object</kind>
         <file>rgb.obj</file>
         <name>rgb.obj</name>
      </input_file>
      <input_file id="fl-9">
         <path>.\esp\</path>
         <kind>object</kind>
         <file>esp_uart.obj</file>
         <name>esp_uart.obj</name>
      </input_file>
      <input_file id="fl-a">
         <path>.\mqtt\</path>
         <kind>object</kind>
         <file>mqtt_client.obj</file>
         <name>mqtt_client.obj</name>
      </input_file>
      <input_file id="fl-b">
         <path>.\nrf\</path>
         <kind>object</kind>
         <file>nrf24l01.obj</file>
         <name>nrf24l01.obj</name>
      </input_file>
      <input_file id="fl-c">
         <path>.\tasks\esp\</path>
         <kind>object</kind>
         <file>esp_logic_task.obj</file>
         <name>esp_logic_task.obj</name>
      </input_file>
      <input_file id="fl-d">
         <path>.\tasks\esp\</path>
         <kind>object</kind>
         <file>esp_rcv_task.obj</file>
         <name>esp_rcv_task.obj</name>
      </input_file>
      <input_file id="fl-e">
         <path>.\tasks\mqtt\</path>
         <kind>object</kind>
         <file>mqtt_rcv_task.obj</file>
         <name>mqtt_rcv_task.obj</name>
      </input_file>
      <input_file id="fl-f">
         <path>.\tasks\mqtt\</path>
         <kind>object</kind>
         <file>mqtt_snd_task.obj</file>
         <name>mqtt_snd_task.obj</name>
      </input_file>
      <input_file id="fl-10">
         <path>.\tasks\mqtt\</path>
         <kind>object</kind>
         <file>ping_task.obj</file>
         <name>ping_task.obj</name>
      </input_file>
      <input_file id="fl-11">
         <path>.\tasks\nrf\</path>
         <kind>object</kind>
         <file>nrf_rcv_task.obj</file>
         <name>nrf_rcv_task.obj</name>
      </input_file>
      <input_file id="fl-12">
         <path>.\tasks\nrf\</path>
         <kind>object</kind>
         <file>nrf_snd_task.obj</file>
         <name>nrf_snd_task.obj</name>
      </input_file>
      <input_file id="fl-13">
         <path>.\tasks\tiva\</path>
         <kind>object</kind>
         <file>config_task.obj</file>
         <name>config_task.obj</name>
      </input_file>
      <input_file id="fl-14">
         <path>.\tasks\tiva\</path>
         <kind>object</kind>
         <file>manager_task.obj</file>
         <name>manager_task.obj</name>
      </input_file>
      <input_file id="fl-15">
         <path>.\third_party\FreeRTOS\Source\</path>
         <kind>object</kind>
         <file>list.obj</file>
         <name>list.obj</name>
      </input_file>
      <input_file id="fl-16">
         <path>.\third_party\FreeRTOS\Source\</path>
         <kind>object</kind>
         <file>queue.obj</file>
         <name>queue.obj</name>
      </input_file>
      <input_file id="fl-17">
         <path>.\third_party\FreeRTOS\Source\</path>
         <kind>object</kind>
         <file>tasks.obj</file>
         <name>tasks.obj</name>
      </input_file>
      <input_file id="fl-18">
         <path>.\third_party\FreeRTOS\Source\portable\CCS\ARM_CM4F\</path>
         <kind>object</kind>
         <file>port.obj</file>
         <name>port.obj</name>
      </input_file>
      <input_file id="fl-19">
         <path>.\third_party\FreeRTOS\Source\portable\CCS\ARM_CM4F\</path>
         <kind>object</kind>
         <file>portasm.obj</file>
         <name>portasm.obj</name>
      </input_file>
      <input_file id="fl-1a">
         <path>.\third_party\FreeRTOS\Source\portable\MemMang\</path>
         <kind>object</kind>
         <file>heap_2.obj</file>
         <name>heap_2.obj</name>
      </input_file>
      <input_file id="fl-1b">
         <path>.\utils\</path>
         <kind>object</kind>
         <file>uart_config.obj</file>
         <name>uart_config.obj</name>
      </input_file>
      <input_file id="fl-1c">
         <path>.\utils\</path>
         <kind>object</kind>
         <file>uartstdio.obj</file>
         <name>uartstdio.obj</name>
      </input_file>
      <input_file id="fl-1d">
         <path>.\utils\</path>
         <kind>object</kind>
         <file>ustdlib.obj</file>
         <name>ustdlib.obj</name>
      </input_file>
      <input_file id="fl-22">
         <kind>object</kind>
         <file>&lt;internal&gt;</file>
         <name>&lt;internal&gt;</name>
      </input_file>
      <input_file id="fl-d8">
         <path>C:\TI\ccs920\ccs\tools\compiler\ti-cgt-arm_18.12.3.LTS\lib\</path>
         <kind>archive</kind>
         <file>rtsv7M4_T_le_v4SPD16_eabi.lib</file>
         <name>sprintf.c.obj</name>
      </input_file>
      <input_file id="fl-d9">
         <path>C:\TI\ccs920\ccs\tools\compiler\ti-cgt-arm_18.12.3.LTS\lib\</path>
         <kind>archive</kind>
         <file>rtsv7M4_T_le_v4SPD16_eabi.lib</file>
         <name>memset_t2.asm.obj</name>
      </input_file>
      <input_file id="fl-da">
         <path>C:\TI\ccs920\ccs\tools\compiler\ti-cgt-arm_18.12.3.LTS\lib\</path>
         <kind>archive</kind>
         <file>rtsv7M4_T_le_v4SPD16_eabi.lib</file>
         <name>fs_toull_t2.asm.obj</name>
      </input_file>
      <input_file id="fl-db">
         <path>C:\TI\ccs920\ccs\tools\compiler\ti-cgt-arm_18.12.3.LTS\lib\</path>
         <kind>archive</kind>
         <file>rtsv7M4_T_le_v4SPD16_eabi.lib</file>
         <name>memcpy_t2.asm.obj</name>
      </input_file>
      <input_file id="fl-dc">
         <path>C:\TI\ccs920\ccs\tools\compiler\ti-cgt-arm_18.12.3.LTS\lib\</path>
         <kind>archive</kind>
         <file>rtsv7M4_T_le_v4SPD16_eabi.lib</file>
         <name>u_divt2.asm.obj</name>
      </input_file>
      <input_file id="fl-dd">
         <path>C:\TI\ccs920\ccs\tools\compiler\ti-cgt-arm_18.12.3.LTS\lib\</path>
         <kind>archive</kind>
         <file>rtsv7M4_T_le_v4SPD16_eabi.lib</file>
         <name>copy_zero_init.c.obj</name>
      </input_file>
      <input_file id="fl-de">
         <path>C:\TI\ccs920\ccs\tools\compiler\ti-cgt-arm_18.12.3.LTS\lib\</path>
         <kind>archive</kind>
         <file>rtsv7M4_T_le_v4SPD16_eabi.lib</file>
         <name>copy_decompress_none.c.obj</name>
      </input_file>
      <input_file id="fl-df">
         <path>C:\TI\ccs920\ccs\tools\compiler\ti-cgt-arm_18.12.3.LTS\lib\</path>
         <kind>archive</kind>
         <file>rtsv7M4_T_le_v4SPD16_eabi.lib</file>
         <name>copy_decompress_lzss.c.obj</name>
      </input_file>
      <input_file id="fl-e0">
         <path>C:\TI\ccs920\ccs\tools\compiler\ti-cgt-arm_18.12.3.LTS\lib\</path>
         <kind>archive</kind>
         <file>rtsv7M4_T_le_v4SPD16_eabi.lib</file>
         <name>strcpy.c.obj</name>
      </input_file>
      <input_file id="fl-e1">
         <path>C:\TI\ccs920\ccs\tools\compiler\ti-cgt-arm_18.12.3.LTS\lib\</path>
         <kind>archive</kind>
         <file>rtsv7M4_T_le_v4SPD16_eabi.lib</file>
         <name>strlen.c.obj</name>
      </input_file>
      <input_file id="fl-e2">
         <path>C:\TI\ccs920\ccs\tools\compiler\ti-cgt-arm_18.12.3.LTS\lib\</path>
         <kind>archive</kind>
         <file>rtsv7M4_T_le_v4SPD16_eabi.lib</file>
         <name>strncpy.c.obj</name>
      </input_file>
      <input_file id="fl-e3">
         <path>C:\TI\ccs920\ccs\tools\compiler\ti-cgt-arm_18.12.3.LTS\lib\</path>
         <kind>archive</kind>
         <file>rtsv7M4_T_le_v4SPD16_eabi.lib</file>
         <name>boot_cortex_m.c.obj</name>
      </input_file>
      <input_file id="fl-e4">
         <path>C:\TI\ccs920\ccs\tools\compiler\ti-cgt-arm_18.12.3.LTS\lib\</path>
         <kind>archive</kind>
         <file>rtsv7M4_T_le_v4SPD16_eabi.lib</file>
         <name>_printfi.c.obj</name>
      </input_file>
      <input_file id="fl-e5">
         <path>C:\TI\ccs920\ccs\tools\compiler\ti-cgt-arm_18.12.3.LTS\lib\</path>
         <kind>archive</kind>
         <file>rtsv7M4_T_le_v4SPD16_eabi.lib</file>
         <name>wcslen.c.obj</name>
      </input_file>
      <input_file id="fl-e6">
         <path>C:\TI\ccs920\ccs\tools\compiler\ti-cgt-arm_18.12.3.LTS\lib\</path>
         <kind>archive</kind>
         <file>rtsv7M4_T_le_v4SPD16_eabi.lib</file>
         <name>div0.asm.obj</name>
      </input_file>
      <input_file id="fl-e7">
         <path>C:\TI\ccs920\ccs\tools\compiler\ti-cgt-arm_18.12.3.LTS\lib\</path>
         <kind>archive</kind>
         <file>rtsv7M4_T_le_v4SPD16_eabi.lib</file>
         <name>ull_div_t2.asm.obj</name>
      </input_file>
      <input_file id="fl-e8">
         <path>C:\TI\ccs920\ccs\tools\compiler\ti-cgt-arm_18.12.3.LTS\lib\</path>
         <kind>archive</kind>
         <file>rtsv7M4_T_le_v4SPD16_eabi.lib</file>
         <name>fd_add_t2.asm.obj</name>
      </input_file>
      <input_file id="fl-e9">
         <path>C:\TI\ccs920\ccs\tools\compiler\ti-cgt-arm_18.12.3.LTS\lib\</path>
         <kind>archive</kind>
         <file>rtsv7M4_T_le_v4SPD16_eabi.lib</file>
         <name>fd_cmp_t2.asm.obj</name>
      </input_file>
      <input_file id="fl-ea">
         <path>C:\TI\ccs920\ccs\tools\compiler\ti-cgt-arm_18.12.3.LTS\lib\</path>
         <kind>archive</kind>
         <file>rtsv7M4_T_le_v4SPD16_eabi.lib</file>
         <name>fd_div_t2.asm.obj</name>
      </input_file>
      <input_file id="fl-eb">
         <path>C:\TI\ccs920\ccs\tools\compiler\ti-cgt-arm_18.12.3.LTS\lib\</path>
         <kind>archive</kind>
         <file>rtsv7M4_T_le_v4SPD16_eabi.lib</file>
         <name>fd_mul_t2.asm.obj</name>
      </input_file>
      <input_file id="fl-ec">
         <path>C:\TI\ccs920\ccs\tools\compiler\ti-cgt-arm_18.12.3.LTS\lib\</path>
         <kind>archive</kind>
         <file>rtsv7M4_T_le_v4SPD16_eabi.lib</file>
         <name>fd_toi_t2.asm.obj</name>
      </input_file>
      <input_file id="fl-ed">
         <path>C:\TI\ccs920\ccs\tools\compiler\ti-cgt-arm_18.12.3.LTS\lib\</path>
         <kind>archive</kind>
         <file>rtsv7M4_T_le_v4SPD16_eabi.lib</file>
         <name>i_tofd_t2.asm.obj</name>
      </input_file>
      <input_file id="fl-ee">
         <path>C:\TI\ccs920\ccs\tools\compiler\ti-cgt-arm_18.12.3.LTS\lib\</path>
         <kind>archive</kind>
         <file>rtsv7M4_T_le_v4SPD16_eabi.lib</file>
         <name>autoinit.c.obj</name>
      </input_file>
      <input_file id="fl-ef">
         <path>C:\TI\ccs920\ccs\tools\compiler\ti-cgt-arm_18.12.3.LTS\lib\</path>
         <kind>archive</kind>
         <file>rtsv7M4_T_le_v4SPD16_eabi.lib</file>
         <name>pre_init.c.obj</name>
      </input_file>
      <input_file id="fl-f0">
         <path>C:\TI\ccs920\ccs\tools\compiler\ti-cgt-arm_18.12.3.LTS\lib\</path>
         <kind>archive</kind>
         <file>rtsv7M4_T_le_v4SPD16_eabi.lib</file>
         <name>cpy_tbl.c.obj</name>
      </input_file>
      <input_file id="fl-f1">
         <path>C:\TI\ccs920\ccs\tools\compiler\ti-cgt-arm_18.12.3.LTS\lib\</path>
         <kind>archive</kind>
         <file>rtsv7M4_T_le_v4SPD16_eabi.lib</file>
         <name>exit.c.obj</name>
      </input_file>
      <input_file id="fl-f2">
         <path>C:\TI\ccs920\ccs\tools\compiler\ti-cgt-arm_18.12.3.LTS\lib\</path>
         <kind>archive</kind>
         <file>rtsv7M4_T_le_v4SPD16_eabi.lib</file>
         <name>_lock.c.obj</name>
      </input_file>
      <input_file id="fl-f3">
         <path>C:\TI\ccs920\ccs\tools\compiler\ti-cgt-arm_18.12.3.LTS\lib\</path>
         <kind>archive</kind>
         <file>rtsv7M4_T_le_v4SPD16_eabi.lib</file>
         <name>args_main.c.obj</name>
      </input_file>
      <input_file id="fl-f4">
         <path>C:\TI\ccs920\ccs\tools\compiler\ti-cgt-arm_18.12.3.LTS\lib\</path>
         <kind>archive</kind>
         <file>rtsv7M4_T_le_v4SPD16_eabi.lib</file>
         <name>atoi.c.obj</name>
      </input_file>
      <input_file id="fl-f5">
         <path>C:\TI\ccs920\ccs\tools\compiler\ti-cgt-arm_18.12.3.LTS\lib\</path>
         <kind>archive</kind>
         <file>rtsv7M4_T_le_v4SPD16_eabi.lib</file>
         <name>ctype.c.obj</name>
      </input_file>
      <input_file id="fl-f6">
         <path>C:\TI\ccs920\ccs\tools\compiler\ti-cgt-arm_18.12.3.LTS\lib\</path>
         <kind>archive</kind>
         <file>rtsv7M4_T_le_v4SPD16_eabi.lib</file>
         <name>ltoa.c.obj</name>
      </input_file>
      <input_file id="fl-f7">
         <path>C:\TI\ccs920\ccs\tools\compiler\ti-cgt-arm_18.12.3.LTS\lib\</path>
         <kind>archive</kind>
         <file>rtsv7M4_T_le_v4SPD16_eabi.lib</file>
         <name>memccpy.c.obj</name>
      </input_file>
      <input_file id="fl-f8">
         <path>C:\TI\ccs920\ccs\tools\compiler\ti-cgt-arm_18.12.3.LTS\lib\</path>
         <kind>archive</kind>
         <file>rtsv7M4_T_le_v4SPD16_eabi.lib</file>
         <name>strchr.c.obj</name>
      </input_file>
      <input_file id="fl-f9">
         <path>C:\TI\ccs920\ccs\tools\compiler\ti-cgt-arm_18.12.3.LTS\lib\</path>
         <kind>archive</kind>
         <file>rtsv7M4_T_le_v4SPD16_eabi.lib</file>
         <name>errno.c.obj</name>
      </input_file>
      <input_file id="fl-fa">
         <path>C:\TI\ccs920\ccs\tools\compiler\ti-cgt-arm_18.12.3.LTS\lib\</path>
         <kind>archive</kind>
         <file>rtsv7M4_T_le_v4SPD16_eabi.lib</file>
         <name>s_frexp.c.obj</name>
      </input_file>
      <input_file id="fl-fb">
         <path>C:\TI\ccs920\ccs\tools\compiler\ti-cgt-arm_18.12.3.LTS\lib\</path>
         <kind>archive</kind>
         <file>rtsv7M4_T_le_v4SPD16_eabi.lib</file>
         <name>s_scalbn.c.obj</name>
      </input_file>
      <input_file id="fl-fc">
         <path>C:\TI\ccs920\ccs\tools\compiler\ti-cgt-arm_18.12.3.LTS\lib\</path>
         <kind>archive</kind>
         <file>rtsv7M4_T_le_v4SPD16_eabi.lib</file>
         <name>s_copysign.c.obj</name>
      </input_file>
      <input_file id="fl-fd">
         <path>C:\TI\tivaware_c_series_2_1_4_178\driverlib\ccs\Debug\</path>
         <kind>archive</kind>
         <file>driverlib.lib</file>
         <name>gpio.obj</name>
      </input_file>
      <input_file id="fl-fe">
         <path>C:\TI\tivaware_c_series_2_1_4_178\driverlib\ccs\Debug\</path>
         <kind>archive</kind>
         <file>driverlib.lib</file>
         <name>interrupt.obj</name>
      </input_file>
      <input_file id="fl-ff">
         <path>C:\TI\tivaware_c_series_2_1_4_178\driverlib\ccs\Debug\</path>
         <kind>archive</kind>
         <file>driverlib.lib</file>
         <name>ssi.obj</name>
      </input_file>
      <input_file id="fl-100">
         <path>C:\TI\tivaware_c_series_2_1_4_178\driverlib\ccs\Debug\</path>
         <kind>archive</kind>
         <file>driverlib.lib</file>
         <name>sysctl.obj</name>
      </input_file>
      <input_file id="fl-101">
         <path>C:\TI\tivaware_c_series_2_1_4_178\driverlib\ccs\Debug\</path>
         <kind>archive</kind>
         <file>driverlib.lib</file>
         <name>uart.obj</name>
      </input_file>
      <input_file id="fl-102">
         <path>C:\TI\tivaware_c_series_2_1_4_178\driverlib\ccs\Debug\</path>
         <kind>archive</kind>
         <file>driverlib.lib</file>
         <name>cpu.obj</name>
      </input_file>
   </input_file_list>
   <object_component_list>
      <object_component id="oc-f">
         <name>.intvecs</name>
         <load_address>0x0</load_address>
         <run_address>0x0</run_address>
         <size>0x26c</size>
         <input_file_ref idref="fl-4"/>
      </object_component>
      <object_component id="oc-71e">
         <name>.text:__TI_printfi</name>
         <load_address>0x26c</load_address>
         <run_address>0x26c</run_address>
         <size>0xa4e</size>
         <input_file_ref idref="fl-e4"/>
      </object_component>
      <object_component id="oc-30">
         <name>.text:FaultISR</name>
         <load_address>0xcba</load_address>
         <run_address>0xcba</run_address>
         <size>0x2</size>
         <input_file_ref idref="fl-4"/>
      </object_component>
      <object_component id="oc-778">
         <name>.text:_pconv_a</name>
         <load_address>0xcbc</load_address>
         <run_address>0xcbc</run_address>
         <size>0x270</size>
         <input_file_ref idref="fl-e4"/>
      </object_component>
      <object_component id="oc-330">
         <name>.text:UARTvprintf</name>
         <load_address>0xf2c</load_address>
         <run_address>0xf2c</run_address>
         <size>0x1ee</size>
         <input_file_ref idref="fl-1c"/>
      </object_component>
      <object_component id="oc-36">
         <name>.text:IntDefaultHandler</name>
         <load_address>0x111a</load_address>
         <run_address>0x111a</run_address>
         <size>0x2</size>
         <input_file_ref idref="fl-4"/>
      </object_component>
      <object_component id="oc-1f6">
         <name>.text:UARTInt1Handler</name>
         <load_address>0x111c</load_address>
         <run_address>0x111c</run_address>
         <size>0x1ec</size>
         <input_file_ref idref="fl-d"/>
      </object_component>
      <object_component id="oc-766">
         <name>.text:_pconv_g</name>
         <load_address>0x1308</load_address>
         <run_address>0x1308</run_address>
         <size>0x1d0</size>
         <input_file_ref idref="fl-e4"/>
      </object_component>
      <object_component id="oc-7d4">
         <name>.text</name>
         <load_address>0x14d8</load_address>
         <run_address>0x14d8</run_address>
         <size>0x1b6</size>
         <input_file_ref idref="fl-e8"/>
      </object_component>
      <object_component id="oc-2a">
         <name>.text:NmiSR</name>
         <load_address>0x168e</load_address>
         <run_address>0x168e</run_address>
         <size>0x2</size>
         <input_file_ref idref="fl-4"/>
      </object_component>
      <object_component id="oc-3f5">
         <name>.text:MQTT_CONNECT</name>
         <load_address>0x1690</load_address>
         <run_address>0x1690</run_address>
         <size>0x154</size>
         <input_file_ref idref="fl-a"/>
      </object_component>
      <object_component id="oc-30b">
         <name>.text:nrf24l01p_setup</name>
         <load_address>0x17e4</load_address>
         <run_address>0x17e4</run_address>
         <size>0x150</size>
         <input_file_ref idref="fl-b"/>
      </object_component>
      <object_component id="oc-772">
         <name>.text:_pconv_e</name>
         <load_address>0x1934</load_address>
         <run_address>0x1934</run_address>
         <size>0x13c</size>
         <input_file_ref idref="fl-e4"/>
      </object_component>
      <object_component id="oc-5c5">
         <name>.text:ManagerTask</name>
         <load_address>0x1a70</load_address>
         <run_address>0x1a70</run_address>
         <size>0x138</size>
         <input_file_ref idref="fl-14"/>
      </object_component>
      <object_component id="oc-7ba">
         <name>.text</name>
         <load_address>0x1ba8</load_address>
         <run_address>0x1ba8</run_address>
         <size>0x136</size>
         <input_file_ref idref="fl-ea"/>
      </object_component>
      <object_component id="oc-618">
         <name>.text:GPIOPadConfigSet</name>
         <load_address>0x1cde</load_address>
         <run_address>0x1cde</run_address>
         <size>0x132</size>
         <input_file_ref idref="fl-fd"/>
      </object_component>
      <object_component id="oc-125">
         <name>.text:ConfigureUART</name>
         <load_address>0x1e10</load_address>
         <run_address>0x1e10</run_address>
         <size>0x12c</size>
         <input_file_ref idref="fl-1b"/>
      </object_component>
      <object_component id="oc-7e6">
         <name>.text:fcvt</name>
         <load_address>0x1f3c</load_address>
         <run_address>0x1f3c</run_address>
         <size>0x124</size>
         <input_file_ref idref="fl-e4"/>
      </object_component>
      <object_component id="oc-3e9">
         <name>.text:configESP</name>
         <load_address>0x2060</load_address>
         <run_address>0x2060</run_address>
         <size>0x118</size>
         <input_file_ref idref="fl-13"/>
      </object_component>
      <object_component id="oc-3a0">
         <name>.text:xQueueGenericReceive</name>
         <load_address>0x2178</load_address>
         <run_address>0x2178</run_address>
         <size>0x118</size>
         <input_file_ref idref="fl-16"/>
      </object_component>
      <object_component id="oc-493">
         <name>.text:SysCtlClockGet</name>
         <load_address>0x2290</load_address>
         <run_address>0x2290</run_address>
         <size>0x110</size>
         <input_file_ref idref="fl-100"/>
      </object_component>
      <object_component id="oc-7fa">
         <name>.text:scalbn</name>
         <load_address>0x23a0</load_address>
         <run_address>0x23a0</run_address>
         <size>0x110</size>
         <input_file_ref idref="fl-fb"/>
      </object_component>
      <object_component id="oc-98">
         <name>.text:xTaskIncrementTick</name>
         <load_address>0x24b0</load_address>
         <run_address>0x24b0</run_address>
         <size>0x104</size>
         <input_file_ref idref="fl-17"/>
      </object_component>
      <object_component id="oc-25d">
         <name>.text:xTaskGenericCreate</name>
         <load_address>0x25b4</load_address>
         <run_address>0x25b4</run_address>
         <size>0x100</size>
         <input_file_ref idref="fl-17"/>
      </object_component>
      <object_component id="oc-7b5">
         <name>.text</name>
         <load_address>0x26b4</load_address>
         <run_address>0x26b4</run_address>
         <size>0xfc</size>
         <input_file_ref idref="fl-eb"/>
      </object_component>
      <object_component id="oc-137">
         <name>.text:xQueueGenericSend</name>
         <load_address>0x27b0</load_address>
         <run_address>0x27b0</run_address>
         <size>0xe8</size>
         <input_file_ref idref="fl-16"/>
      </object_component>
      <object_component id="oc-23e">
         <name>.text:xTaskResumeAll</name>
         <load_address>0x2898</load_address>
         <run_address>0x2898</run_address>
         <size>0xe4</size>
         <input_file_ref idref="fl-17"/>
      </object_component>
      <object_component id="oc-5d7">
         <name>.text:MqttRcvTask</name>
         <load_address>0x297c</load_address>
         <run_address>0x297c</run_address>
         <size>0xe0</size>
         <input_file_ref idref="fl-e"/>
      </object_component>
      <object_component id="oc-3c">
         <name>.text</name>
         <load_address>0x2a5c</load_address>
         <run_address>0x2a5c</run_address>
         <size>0xd2</size>
         <input_file_ref idref="fl-19"/>
      </object_component>
      <object_component id="oc-65e">
         <name>.text</name>
         <load_address>0x2b2e</load_address>
         <run_address>0x2b2e</run_address>
         <size>0x2</size>
         <input_file_ref idref="fl-e6"/>
      </object_component>
      <object_component id="oc-41f">
         <name>.text:vTaskDelete</name>
         <load_address>0x2b30</load_address>
         <run_address>0x2b30</run_address>
         <size>0xb4</size>
         <input_file_ref idref="fl-17"/>
      </object_component>
      <object_component id="oc-75b">
         <name>.text:_ltostr</name>
         <load_address>0x2be4</load_address>
         <run_address>0x2be4</run_address>
         <size>0xb1</size>
         <input_file_ref idref="fl-e4"/>
      </object_component>
      <object_component id="oc-e9">
         <name>.text:vApplicationStackOverflowHook</name>
         <load_address>0x2c96</load_address>
         <run_address>0x2c96</run_address>
         <size>0x2</size>
         <input_file_ref idref="fl-2"/>
      </object_component>
      <object_component id="oc-20b">
         <name>.text:pvPortMalloc</name>
         <load_address>0x2c98</load_address>
         <run_address>0x2c98</run_address>
         <size>0xac</size>
         <input_file_ref idref="fl-1a"/>
      </object_component>
      <object_component id="oc-6ad">
         <name>.text:MQTT_PUB</name>
         <load_address>0x2d44</load_address>
         <run_address>0x2d44</run_address>
         <size>0xa4</size>
         <input_file_ref idref="fl-a"/>
      </object_component>
      <object_component id="oc-5eb">
         <name>.text:NrfRcvTask</name>
         <load_address>0x2de8</load_address>
         <run_address>0x2de8</run_address>
         <size>0xa0</size>
         <input_file_ref idref="fl-11"/>
      </object_component>
      <object_component id="oc-55">
         <name>.text</name>
         <load_address>0x2e88</load_address>
         <run_address>0x2e88</run_address>
         <size>0x9c</size>
         <input_file_ref idref="fl-db"/>
      </object_component>
      <object_component id="oc-3fb">
         <name>.text:MQTT_SUB</name>
         <load_address>0x2f24</load_address>
         <run_address>0x2f24</run_address>
         <size>0x98</size>
         <input_file_ref idref="fl-a"/>
      </object_component>
      <object_component id="oc-7ae">
         <name>.text</name>
         <load_address>0x2fbc</load_address>
         <run_address>0x2fbc</run_address>
         <size>0x96</size>
         <input_file_ref idref="fl-e7"/>
      </object_component>
      <object_component id="oc-cc">
         <name>.text:main</name>
         <load_address>0x3054</load_address>
         <run_address>0x3054</run_address>
         <size>0x94</size>
         <input_file_ref idref="fl-2"/>
      </object_component>
      <object_component id="oc-286">
         <name>.text:ConfigTask</name>
         <load_address>0x30e8</load_address>
         <run_address>0x30e8</run_address>
         <size>0x90</size>
         <input_file_ref idref="fl-13"/>
      </object_component>
      <object_component id="oc-552">
         <name>.text:vTaskPriorityInherit</name>
         <load_address>0x3178</load_address>
         <run_address>0x3178</run_address>
         <size>0x90</size>
         <input_file_ref idref="fl-17"/>
      </object_component>
      <object_component id="oc-26d">
         <name>.text:EspLogicTask</name>
         <load_address>0x3208</load_address>
         <run_address>0x3208</run_address>
         <size>0x8c</size>
         <input_file_ref idref="fl-c"/>
      </object_component>
      <object_component id="oc-5e1">
         <name>.text:NrfSndTask</name>
         <load_address>0x3294</load_address>
         <run_address>0x3294</run_address>
         <size>0x8c</size>
         <input_file_ref idref="fl-12"/>
      </object_component>
      <object_component id="oc-91">
         <name>.text:vTaskSwitchContext</name>
         <load_address>0x3320</load_address>
         <run_address>0x3320</run_address>
         <size>0x8c</size>
         <input_file_ref idref="fl-17"/>
      </object_component>
      <object_component id="oc-761">
         <name>.text:__aeabi_cdcmple</name>
         <load_address>0x33ac</load_address>
         <run_address>0x33ac</run_address>
         <size>0x86</size>
         <input_file_ref idref="fl-e9"/>
      </object_component>
      <object_component id="oc-7bf">
         <name>.text:__aeabi_cdrcmple</name>
         <load_address>0x3432</load_address>
         <run_address>0x3432</run_address>
         <size>0x86</size>
         <input_file_ref idref="fl-e9"/>
      </object_component>
      <object_component id="oc-6b3">
         <name>.text:vTaskDelayUntil</name>
         <load_address>0x34b8</load_address>
         <run_address>0x34b8</run_address>
         <size>0x84</size>
         <input_file_ref idref="fl-17"/>
      </object_component>
      <object_component id="oc-211">
         <name>.text:xQueueGenericReset</name>
         <load_address>0x353c</load_address>
         <run_address>0x353c</run_address>
         <size>0x84</size>
         <input_file_ref idref="fl-16"/>
      </object_component>
      <object_component id="oc-c0">
         <name>.text</name>
         <load_address>0x35c0</load_address>
         <run_address>0x35c0</run_address>
         <size>0x7a</size>
         <input_file_ref idref="fl-d9"/>
      </object_component>
      <object_component id="oc-6d5">
         <name>.text:nrf24l01p_stop_listening</name>
         <load_address>0x363c</load_address>
         <run_address>0x363c</run_address>
         <size>0x78</size>
         <input_file_ref idref="fl-b"/>
      </object_component>
      <object_component id="oc-7a0">
         <name>.text:nrf24l01p_write_payload</name>
         <load_address>0x36b4</load_address>
         <run_address>0x36b4</run_address>
         <size>0x78</size>
         <input_file_ref idref="fl-b"/>
      </object_component>
      <object_component id="oc-379">
         <name>.text:xTaskPriorityDisinherit</name>
         <load_address>0x372c</load_address>
         <run_address>0x372c</run_address>
         <size>0x78</size>
         <input_file_ref idref="fl-17"/>
      </object_component>
      <object_component id="oc-279">
         <name>.text:EspRcvTask</name>
         <load_address>0x37a4</load_address>
         <run_address>0x37a4</run_address>
         <size>0x74</size>
         <input_file_ref idref="fl-d"/>
      </object_component>
      <object_component id="oc-74d">
         <name>.text:nrf24l01p_read_payload</name>
         <load_address>0x3818</load_address>
         <run_address>0x3818</run_address>
         <size>0x74</size>
         <input_file_ref idref="fl-b"/>
      </object_component>
      <object_component id="oc-256">
         <name>.text:xTaskRemoveFromEventList</name>
         <load_address>0x388c</load_address>
         <run_address>0x388c</run_address>
         <size>0x74</size>
         <input_file_ref idref="fl-17"/>
      </object_component>
      <object_component id="oc-250">
         <name>.text:prvCopyDataToQueue</name>
         <load_address>0x3900</load_address>
         <run_address>0x3900</run_address>
         <size>0x72</size>
         <input_file_ref idref="fl-16"/>
      </object_component>
      <object_component id="oc-7df">
         <name>.text:_mcpy</name>
         <load_address>0x3972</load_address>
         <run_address>0x3972</run_address>
         <size>0x6e</size>
         <input_file_ref idref="fl-e4"/>
      </object_component>
      <object_component id="oc-5b3">
         <name>.text:CIPSENDesp</name>
         <load_address>0x39e0</load_address>
         <run_address>0x39e0</run_address>
         <size>0x6c</size>
         <input_file_ref idref="fl-6"/>
      </object_component>
      <object_component id="oc-263">
         <name>.text:EspPingTask</name>
         <load_address>0x3a4c</load_address>
         <run_address>0x3a4c</run_address>
         <size>0x6c</size>
         <input_file_ref idref="fl-10"/>
      </object_component>
      <object_component id="oc-2d3">
         <name>.text:IntEnable</name>
         <load_address>0x3ab8</load_address>
         <run_address>0x3ab8</run_address>
         <size>0x68</size>
         <input_file_ref idref="fl-fe"/>
      </object_component>
      <object_component id="oc-12">
         <name>.text:decompress:lzss:__TI_decompress_lzss</name>
         <load_address>0x3b20</load_address>
         <run_address>0x3b20</run_address>
         <size>0x68</size>
         <input_file_ref idref="fl-df"/>
      </object_component>
      <object_component id="oc-31d">
         <name>.text:nrf24l01p_open_reading_pipe</name>
         <load_address>0x3b88</load_address>
         <run_address>0x3b88</run_address>
         <size>0x68</size>
         <input_file_ref idref="fl-b"/>
      </object_component>
      <object_component id="oc-40d">
         <name>.text:MqttRcvTaskInit</name>
         <load_address>0x3bf0</load_address>
         <run_address>0x3bf0</run_address>
         <size>0x64</size>
         <input_file_ref idref="fl-e"/>
      </object_component>
      <object_component id="oc-7f4">
         <name>.text:frexp</name>
         <load_address>0x3c54</load_address>
         <run_address>0x3c54</run_address>
         <size>0x64</size>
         <input_file_ref idref="fl-fa"/>
      </object_component>
      <object_component id="oc-24a">
         <name>.text:vTaskPlaceOnEventList</name>
         <load_address>0x3cb8</load_address>
         <run_address>0x3cb8</run_address>
         <size>0x64</size>
         <input_file_ref idref="fl-17"/>
      </object_component>
      <object_component id="oc-238">
         <name>.text:prvUnlockQueue</name>
         <load_address>0x3d1c</load_address>
         <run_address>0x3d1c</run_address>
         <size>0x62</size>
         <input_file_ref idref="fl-16"/>
      </object_component>
      <object_component id="oc-143">
         <name>.text:EspLogicTaskInit</name>
         <load_address>0x3d80</load_address>
         <run_address>0x3d80</run_address>
         <size>0x60</size>
         <input_file_ref idref="fl-c"/>
      </object_component>
      <object_component id="oc-1ea">
         <name>.text:UARTStdioConfig</name>
         <load_address>0x3de0</load_address>
         <run_address>0x3de0</run_address>
         <size>0x60</size>
         <input_file_ref idref="fl-1c"/>
      </object_component>
      <object_component id="oc-393">
         <name>.text:prvInitialiseTaskLists</name>
         <load_address>0x3e40</load_address>
         <run_address>0x3e40</run_address>
         <size>0x60</size>
         <input_file_ref idref="fl-17"/>
      </object_component>
      <object_component id="oc-155">
         <name>.text:vTaskStartScheduler</name>
         <load_address>0x3ea0</load_address>
         <run_address>0x3ea0</run_address>
         <size>0x60</size>
         <input_file_ref idref="fl-17"/>
      </object_component>
      <object_component id="oc-6c1">
         <name>.text:indexOfMessageEnd</name>
         <load_address>0x3f00</load_address>
         <run_address>0x3f00</run_address>
         <size>0x5e</size>
         <input_file_ref idref="fl-c"/>
      </object_component>
      <object_component id="oc-323">
         <name>.text:nrf24l01p_start_listening</name>
         <load_address>0x3f5e</load_address>
         <run_address>0x3f5e</run_address>
         <size>0x5c</size>
         <input_file_ref idref="fl-b"/>
      </object_component>
      <object_component id="oc-39a">
         <name>.text:vTaskDelay</name>
         <load_address>0x3fbc</load_address>
         <run_address>0x3fbc</run_address>
         <size>0x5c</size>
         <input_file_ref idref="fl-17"/>
      </object_component>
      <object_component id="oc-149">
         <name>.text:EspRcvTaskInit</name>
         <load_address>0x4018</load_address>
         <run_address>0x4018</run_address>
         <size>0x58</size>
         <input_file_ref idref="fl-d"/>
      </object_component>
      <object_component id="oc-3c6">
         <name>.text:checkIfContains</name>
         <load_address>0x4070</load_address>
         <run_address>0x4070</run_address>
         <size>0x58</size>
         <input_file_ref idref="fl-c"/>
      </object_component>
      <object_component id="oc-42d">
         <name>.text:prvCheckTasksWaitingTermination</name>
         <load_address>0x40c8</load_address>
         <run_address>0x40c8</run_address>
         <size>0x58</size>
         <input_file_ref idref="fl-17"/>
      </object_component>
      <object_component id="oc-76c">
         <name>.text:_pconv_f</name>
         <load_address>0x4120</load_address>
         <run_address>0x4120</run_address>
         <size>0x56</size>
         <input_file_ref idref="fl-e4"/>
      </object_component>
      <object_component id="oc-387">
         <name>.text:prvInitialiseTCBVariables</name>
         <load_address>0x4176</load_address>
         <run_address>0x4176</run_address>
         <size>0x56</size>
         <input_file_ref idref="fl-17"/>
      </object_component>
      <object_component id="oc-7c9">
         <name>.text:ltoa</name>
         <load_address>0x41cc</load_address>
         <run_address>0x41cc</run_address>
         <size>0x54</size>
         <input_file_ref idref="fl-f6"/>
      </object_component>
      <object_component id="oc-67a">
         <name>.text:makeRequest</name>
         <load_address>0x4220</load_address>
         <run_address>0x4220</run_address>
         <size>0x54</size>
         <input_file_ref idref="fl-9"/>
      </object_component>
      <object_component id="oc-232">
         <name>.text:xTaskCheckForTimeOut</name>
         <load_address>0x4274</load_address>
         <run_address>0x4274</run_address>
         <size>0x54</size>
         <input_file_ref idref="fl-17"/>
      </object_component>
      <object_component id="oc-7d9">
         <name>.text:_ecpy</name>
         <load_address>0x42c8</load_address>
         <run_address>0x42c8</run_address>
         <size>0x52</size>
         <input_file_ref idref="fl-e4"/>
      </object_component>
      <object_component id="oc-4b2">
         <name>.text:nrf24l01p_set_data_rate</name>
         <load_address>0x431a</load_address>
         <run_address>0x431a</run_address>
         <size>0x50</size>
         <input_file_ref idref="fl-b"/>
      </object_component>
      <object_component id="oc-1f0">
         <name>.text:xQueueCreateMutex</name>
         <load_address>0x436a</load_address>
         <run_address>0x436a</run_address>
         <size>0x4e</size>
         <input_file_ref idref="fl-16"/>
      </object_component>
      <object_component id="oc-14f">
         <name>.text:ConfigTaskInit</name>
         <load_address>0x43b8</load_address>
         <run_address>0x43b8</run_address>
         <size>0x4c</size>
         <input_file_ref idref="fl-13"/>
      </object_component>
      <object_component id="oc-407">
         <name>.text:MqttSndTaskInit</name>
         <load_address>0x4404</load_address>
         <run_address>0x4404</run_address>
         <size>0x4c</size>
         <input_file_ref idref="fl-f"/>
      </object_component>
      <object_component id="oc-419">
         <name>.text:NrfRcvTaskInit</name>
         <load_address>0x4450</load_address>
         <run_address>0x4450</run_address>
         <size>0x4c</size>
         <input_file_ref idref="fl-11"/>
      </object_component>
      <object_component id="oc-755">
         <name>.text:atoi</name>
         <load_address>0x449c</load_address>
         <run_address>0x449c</run_address>
         <size>0x4c</size>
         <input_file_ref idref="fl-f4"/>
      </object_component>
      <object_component id="oc-1fe">
         <name>.text:configureRadio</name>
         <load_address>0x44e8</load_address>
         <run_address>0x44e8</run_address>
         <size>0x4c</size>
         <input_file_ref idref="fl-b"/>
      </object_component>
      <object_component id="oc-36f">
         <name>.text:prvAddCurrentTaskToDelayedList</name>
         <load_address>0x4534</load_address>
         <run_address>0x4534</run_address>
         <size>0x4c</size>
         <input_file_ref idref="fl-17"/>
      </object_component>
      <object_component id="oc-1d2">
         <name>.text:GPIOPinConfigure</name>
         <load_address>0x4580</load_address>
         <run_address>0x4580</run_address>
         <size>0x48</size>
         <input_file_ref idref="fl-fd"/>
      </object_component>
      <object_component id="oc-413">
         <name>.text:NrfSndTaskInit</name>
         <load_address>0x45c8</load_address>
         <run_address>0x45c8</run_address>
         <size>0x48</size>
         <input_file_ref idref="fl-12"/>
      </object_component>
      <object_component id="oc-505">
         <name>.text:UARTwrite</name>
         <load_address>0x4610</load_address>
         <run_address>0x4610</run_address>
         <size>0x48</size>
         <input_file_ref idref="fl-1c"/>
      </object_component>
      <object_component id="oc-7c4">
         <name>.text</name>
         <load_address>0x4658</load_address>
         <run_address>0x4658</run_address>
         <size>0x48</size>
         <input_file_ref idref="fl-ec"/>
      </object_component>
      <object_component id="oc-169">
         <name>.text:__TI_auto_init_nobinit_nopinit:__TI_auto_init_nobinit_nopinit</name>
         <load_address>0x46a0</load_address>
         <run_address>0x46a0</run_address>
         <size>0x44</size>
         <input_file_ref idref="fl-ee"/>
      </object_component>
      <object_component id="oc-4d6">
         <name>.text:nrf24l01p_read_register</name>
         <load_address>0x46e4</load_address>
         <run_address>0x46e4</run_address>
         <size>0x44</size>
         <input_file_ref idref="fl-b"/>
      </object_component>
      <object_component id="oc-52c">
         <name>.text:vPortFree</name>
         <load_address>0x4728</load_address>
         <run_address>0x4728</run_address>
         <size>0x44</size>
         <input_file_ref idref="fl-1a"/>
      </object_component>
      <object_component id="oc-12b">
         <name>.text:ConfigureRADIO</name>
         <load_address>0x476c</load_address>
         <run_address>0x476c</run_address>
         <size>0x42</size>
         <input_file_ref idref="fl-2"/>
      </object_component>
      <object_component id="oc-5cf">
         <name>.text:MqttSndTask</name>
         <load_address>0x47b0</load_address>
         <run_address>0x47b0</run_address>
         <size>0x40</size>
         <input_file_ref idref="fl-f"/>
      </object_component>
      <object_component id="oc-2c7">
         <name>.text:_UARTIntNumberGet</name>
         <load_address>0x47f0</load_address>
         <run_address>0x47f0</run_address>
         <size>0x40</size>
         <input_file_ref idref="fl-101"/>
      </object_component>
      <object_component id="oc-50b">
         <name>.text</name>
         <load_address>0x4830</load_address>
         <run_address>0x4830</run_address>
         <size>0x40</size>
         <input_file_ref idref="fl-dc"/>
      </object_component>
      <object_component id="oc-3e3">
         <name>.text:safePrintf</name>
         <load_address>0x4870</load_address>
         <run_address>0x4870</run_address>
         <size>0x40</size>
         <input_file_ref idref="fl-1b"/>
      </object_component>
      <object_component id="oc-690">
         <name>.text:sprintf</name>
         <load_address>0x48b0</load_address>
         <run_address>0x48b0</run_address>
         <size>0x40</size>
         <input_file_ref idref="fl-d8"/>
      </object_component>
      <object_component id="oc-28d">
         <name>.text:xPortStartScheduler</name>
         <load_address>0x48f0</load_address>
         <run_address>0x48f0</run_address>
         <size>0x40</size>
         <input_file_ref idref="fl-18"/>
      </object_component>
      <object_component id="oc-5a0">
         <name>.text:CIPSTARTesp</name>
         <load_address>0x4930</load_address>
         <run_address>0x4930</run_address>
         <size>0x3f</size>
         <input_file_ref idref="fl-6"/>
      </object_component>
      <object_component id="oc-7ec">
         <name>.text:_fcpy</name>
         <load_address>0x4970</load_address>
         <run_address>0x4970</run_address>
         <size>0x3e</size>
         <input_file_ref idref="fl-e4"/>
      </object_component>
      <object_component id="oc-499">
         <name>.text:SSIConfigSetExpClk</name>
         <load_address>0x49ae</load_address>
         <run_address>0x49ae</run_address>
         <size>0x3c</size>
         <input_file_ref idref="fl-ff"/>
      </object_component>
      <object_component id="oc-6db">
         <name>.text:nrf24l01p_write</name>
         <load_address>0x49ea</load_address>
         <run_address>0x49ea</run_address>
         <size>0x3c</size>
         <input_file_ref idref="fl-b"/>
      </object_component>
      <object_component id="oc-131">
         <name>.text:xQueueGenericCreate</name>
         <load_address>0x4a26</load_address>
         <run_address>0x4a26</run_address>
         <size>0x3c</size>
         <input_file_ref idref="fl-16"/>
      </object_component>
      <object_component id="oc-4de">
         <name>.text:nrf24l01p_write_buffer</name>
         <load_address>0x4a62</load_address>
         <run_address>0x4a62</run_address>
         <size>0x3a</size>
         <input_file_ref idref="fl-b"/>
      </object_component>
      <object_component id="oc-381">
         <name>.text:prvAllocateTCBAndStack</name>
         <load_address>0x4a9c</load_address>
         <run_address>0x4a9c</run_address>
         <size>0x3a</size>
         <input_file_ref idref="fl-17"/>
      </object_component>
      <object_component id="oc-401">
         <name>.text:ManagerTaskInit</name>
         <load_address>0x4ad8</load_address>
         <run_address>0x4ad8</run_address>
         <size>0x38</size>
         <input_file_ref idref="fl-14"/>
      </object_component>
      <object_component id="oc-3a6">
         <name>.text:SendATCommand</name>
         <load_address>0x4b10</load_address>
         <run_address>0x4b10</run_address>
         <size>0x38</size>
         <input_file_ref idref="fl-6"/>
      </object_component>
      <object_component id="oc-311">
         <name>.text:nrf24l01p_set_PA_level</name>
         <load_address>0x4b48</load_address>
         <run_address>0x4b48</run_address>
         <size>0x38</size>
         <input_file_ref idref="fl-b"/>
      </object_component>
      <object_component id="oc-369">
         <name>.text:vListInsert</name>
         <load_address>0x4b80</load_address>
         <run_address>0x4b80</run_address>
         <size>0x38</size>
         <input_file_ref idref="fl-15"/>
      </object_component>
      <object_component id="oc-59a">
         <name>.text:CWJAPesp</name>
         <load_address>0x4bb8</load_address>
         <run_address>0x4bb8</run_address>
         <size>0x37</size>
         <input_file_ref idref="fl-6"/>
      </object_component>
      <object_component id="oc-4a6">
         <name>.text:nrf24l01p_write_register</name>
         <load_address>0x4bf0</load_address>
         <run_address>0x4bf0</run_address>
         <size>0x36</size>
         <input_file_ref idref="fl-b"/>
      </object_component>
      <object_component id="oc-3d5">
         <name>.text:strncpy</name>
         <load_address>0x4c26</load_address>
         <run_address>0x4c26</run_address>
         <size>0x36</size>
         <input_file_ref idref="fl-e2"/>
      </object_component>
      <object_component id="oc-13d">
         <name>.text:EspPingTaskInit</name>
         <load_address>0x4c5c</load_address>
         <run_address>0x4c5c</run_address>
         <size>0x34</size>
         <input_file_ref idref="fl-10"/>
      </object_component>
      <object_component id="oc-2cd">
         <name>.text:IntRegister</name>
         <load_address>0x4c90</load_address>
         <run_address>0x4c90</run_address>
         <size>0x34</size>
         <input_file_ref idref="fl-fe"/>
      </object_component>
      <object_component id="oc-481">
         <name>.text:SysCtlPeripheralEnable</name>
         <load_address>0x4cc4</load_address>
         <run_address>0x4cc4</run_address>
         <size>0x34</size>
         <input_file_ref idref="fl-100"/>
      </object_component>
      <object_component id="oc-73">
         <name>.text:_c_int00_noargs:_c_int00_noargs</name>
         <load_address>0x4cf8</load_address>
         <run_address>0x4cf8</run_address>
         <size>0x34</size>
         <input_file_ref idref="fl-e3"/>
      </object_component>
      <object_component id="oc-4f5">
         <name>.text:nrf24l01p_close_reading_pipe</name>
         <load_address>0x4d2c</load_address>
         <run_address>0x4d2c</run_address>
         <size>0x30</size>
         <input_file_ref idref="fl-b"/>
      </object_component>
      <object_component id="oc-33c">
         <name>.text:prvHeapInit</name>
         <load_address>0x4d5c</load_address>
         <run_address>0x4d5c</run_address>
         <size>0x30</size>
         <input_file_ref idref="fl-1a"/>
      </object_component>
      <object_component id="oc-4d0">
         <name>.text:nrf24l01p_power_up</name>
         <load_address>0x4d8c</load_address>
         <run_address>0x4d8c</run_address>
         <size>0x2e</size>
         <input_file_ref idref="fl-b"/>
      </object_component>
      <object_component id="oc-7cf">
         <name>.text</name>
         <load_address>0x4dba</load_address>
         <run_address>0x4dba</run_address>
         <size>0x2e</size>
         <input_file_ref idref="fl-ed"/>
      </object_component>
      <object_component id="oc-41">
         <name>.text:xPortSysTickHandler</name>
         <load_address>0x4de8</load_address>
         <run_address>0x4de8</run_address>
         <size>0x2c</size>
         <input_file_ref idref="fl-18"/>
      </object_component>
      <object_component id="oc-61e">
         <name>.text:GPIODirModeSet</name>
         <load_address>0x4e14</load_address>
         <run_address>0x4e14</run_address>
         <size>0x2a</size>
         <input_file_ref idref="fl-fd"/>
      </object_component>
      <object_component id="oc-4c4">
         <name>.text:nrf24l01p_flush_rx</name>
         <load_address>0x4e3e</load_address>
         <run_address>0x4e3e</run_address>
         <size>0x2a</size>
         <input_file_ref idref="fl-b"/>
      </object_component>
      <object_component id="oc-4ca">
         <name>.text:nrf24l01p_flush_tx</name>
         <load_address>0x4e68</load_address>
         <run_address>0x4e68</run_address>
         <size>0x2a</size>
         <input_file_ref idref="fl-b"/>
      </object_component>
      <object_component id="oc-317">
         <name>.text:nrf24l01p_open_writing_pipe</name>
         <load_address>0x4e92</load_address>
         <run_address>0x4e92</run_address>
         <size>0x2a</size>
         <input_file_ref idref="fl-b"/>
      </object_component>
      <object_component id="oc-5b9">
         <name>.text:SendCharSequence</name>
         <load_address>0x4ebc</load_address>
         <run_address>0x4ebc</run_address>
         <size>0x28</size>
         <input_file_ref idref="fl-9"/>
      </object_component>
      <object_component id="oc-639">
         <name>.text:nrf24l01p_end_transaction</name>
         <load_address>0x4ee4</load_address>
         <run_address>0x4ee4</run_address>
         <size>0x28</size>
         <input_file_ref idref="fl-b"/>
      </object_component>
      <object_component id="oc-f3">
         <name>.text:prvResetNextTaskUnblockTime</name>
         <load_address>0x4f0c</load_address>
         <run_address>0x4f0c</run_address>
         <size>0x28</size>
         <input_file_ref idref="fl-17"/>
      </object_component>
      <object_component id="oc-38d">
         <name>.text:pxPortInitialiseStack</name>
         <load_address>0x4f34</load_address>
         <run_address>0x4f34</run_address>
         <size>0x28</size>
         <input_file_ref idref="fl-18"/>
      </object_component>
      <object_component id="oc-4be">
         <name>.text:nrf24l01p_set_channel</name>
         <load_address>0x4f5c</load_address>
         <run_address>0x4f5c</run_address>
         <size>0x26</size>
         <input_file_ref idref="fl-b"/>
      </object_component>
      <object_component id="oc-558">
         <name>.text:prvCopyDataFromQueue</name>
         <load_address>0x4f82</load_address>
         <run_address>0x4f82</run_address>
         <size>0x26</size>
         <input_file_ref idref="fl-16"/>
      </object_component>
      <object_component id="oc-4b8">
         <name>.text:nrf24l01p_toggle_features</name>
         <load_address>0x4fa8</load_address>
         <run_address>0x4fa8</run_address>
         <size>0x22</size>
         <input_file_ref idref="fl-b"/>
      </object_component>
      <object_component id="oc-f9">
         <name>.text:uxListRemove</name>
         <load_address>0x4fca</load_address>
         <run_address>0x4fca</run_address>
         <size>0x20</size>
         <input_file_ref idref="fl-15"/>
      </object_component>
      <object_component id="oc-5a6">
         <name>.text:CIPMODEEesp</name>
         <load_address>0x4fec</load_address>
         <run_address>0x4fec</run_address>
         <size>0x1f</size>
         <input_file_ref idref="fl-6"/>
      </object_component>
      <object_component id="oc-6f2">
         <name>.text:nrf24l01p_read</name>
         <load_address>0x500c</load_address>
         <run_address>0x500c</run_address>
         <size>0x1e</size>
         <input_file_ref idref="fl-b"/>
      </object_component>
      <object_component id="oc-73d">
         <name>.text:nrf24l01p_start_fast_write</name>
         <load_address>0x502a</load_address>
         <run_address>0x502a</run_address>
         <size>0x1e</size>
         <input_file_ref idref="fl-b"/>
      </object_component>
      <object_component id="oc-3c0">
         <name>.text:clearReceiveQueue</name>
         <load_address>0x5048</load_address>
         <run_address>0x5048</run_address>
         <size>0x1c</size>
         <input_file_ref idref="fl-c"/>
      </object_component>
      <object_component id="oc-77e">
         <name>.text:memccpy</name>
         <load_address>0x5064</load_address>
         <run_address>0x5064</run_address>
         <size>0x1c</size>
         <input_file_ref idref="fl-f7"/>
      </object_component>
      <object_component id="oc-62d">
         <name>.text:nrf24l01p_begin_transaction</name>
         <load_address>0x5080</load_address>
         <run_address>0x5080</run_address>
         <size>0x1c</size>
         <input_file_ref idref="fl-b"/>
      </object_component>
      <object_component id="oc-244">
         <name>.text:prvIsQueueFull</name>
         <load_address>0x509c</load_address>
         <run_address>0x509c</run_address>
         <size>0x1c</size>
         <input_file_ref idref="fl-16"/>
      </object_component>
      <object_component id="oc-22c">
         <name>.text:vPortEnterCritical</name>
         <load_address>0x50b8</load_address>
         <run_address>0x50b8</run_address>
         <size>0x1c</size>
         <input_file_ref idref="fl-18"/>
      </object_component>
      <object_component id="oc-594">
         <name>.text:CIPMUXesp</name>
         <load_address>0x50d4</load_address>
         <run_address>0x50d4</run_address>
         <size>0x1b</size>
         <input_file_ref idref="fl-6"/>
      </object_component>
      <object_component id="oc-58e">
         <name>.text:CWMODEesp</name>
         <load_address>0x50f0</load_address>
         <run_address>0x50f0</run_address>
         <size>0x1b</size>
         <input_file_ref idref="fl-6"/>
      </object_component>
      <object_component id="oc-204">
         <name>.text:UARTprintf</name>
         <load_address>0x510c</load_address>
         <run_address>0x510c</run_address>
         <size>0x1a</size>
         <input_file_ref idref="fl-1c"/>
      </object_component>
      <object_component id="oc-840">
         <name>.text:copysign</name>
         <load_address>0x5126</load_address>
         <run_address>0x5126</run_address>
         <size>0x1a</size>
         <input_file_ref idref="fl-fc"/>
      </object_component>
      <object_component id="oc-54c">
         <name>.text:prvIsQueueEmpty</name>
         <load_address>0x5140</load_address>
         <run_address>0x5140</run_address>
         <size>0x1a</size>
         <input_file_ref idref="fl-16"/>
      </object_component>
      <object_component id="oc-487">
         <name>.text:GPIOPinTypeGPIOOutput</name>
         <load_address>0x515a</load_address>
         <run_address>0x515a</run_address>
         <size>0x18</size>
         <input_file_ref idref="fl-fd"/>
      </object_component>
      <object_component id="oc-1d8">
         <name>.text:UARTIntRegister</name>
         <load_address>0x5172</load_address>
         <run_address>0x5172</run_address>
         <size>0x18</size>
         <input_file_ref idref="fl-101"/>
      </object_component>
      <object_component id="oc-724">
         <name>.text:_outs</name>
         <load_address>0x518a</load_address>
         <run_address>0x518a</run_address>
         <size>0x18</size>
         <input_file_ref idref="fl-d8"/>
      </object_component>
      <object_component id="oc-6bb">
         <name>.text:clearTheRest</name>
         <load_address>0x51a4</load_address>
         <run_address>0x51a4</run_address>
         <size>0x18</size>
         <input_file_ref idref="fl-e"/>
      </object_component>
      <object_component id="oc-55e">
         <name>.text:pvTaskIncrementMutexHeldCount</name>
         <load_address>0x51bc</load_address>
         <run_address>0x51bc</run_address>
         <size>0x18</size>
         <input_file_ref idref="fl-17"/>
      </object_component>
      <object_component id="oc-ff">
         <name>.text:vListInsertEnd</name>
         <load_address>0x51d4</load_address>
         <run_address>0x51d4</run_address>
         <size>0x18</size>
         <input_file_ref idref="fl-15"/>
      </object_component>
      <object_component id="oc-220">
         <name>.text:vPortExitCritical</name>
         <load_address>0x51ec</load_address>
         <run_address>0x51ec</run_address>
         <size>0x18</size>
         <input_file_ref idref="fl-18"/>
      </object_component>
      <object_component id="oc-21a">
         <name>.text:vTaskSetTimeOutState</name>
         <load_address>0x5204</load_address>
         <run_address>0x5204</run_address>
         <size>0x18</size>
         <input_file_ref idref="fl-17"/>
      </object_component>
      <object_component id="oc-800">
         <name>.text:strchr</name>
         <load_address>0x521c</load_address>
         <run_address>0x521c</run_address>
         <size>0x16</size>
         <input_file_ref idref="fl-f8"/>
      </object_component>
      <object_component id="oc-2eb">
         <name>.text:vListInitialise</name>
         <load_address>0x5232</load_address>
         <run_address>0x5232</run_address>
         <size>0x16</size>
         <input_file_ref idref="fl-15"/>
      </object_component>
      <object_component id="oc-1e4">
         <name>.text:UARTEnable</name>
         <load_address>0x5248</load_address>
         <run_address>0x5248</run_address>
         <size>0x14</size>
         <input_file_ref idref="fl-101"/>
      </object_component>
      <object_component id="oc-2f8">
         <name>.text:strcpy</name>
         <load_address>0x525c</load_address>
         <run_address>0x525c</run_address>
         <size>0x14</size>
         <input_file_ref idref="fl-e0"/>
      </object_component>
      <object_component id="oc-570">
         <name>.text:strlen</name>
         <load_address>0x5270</load_address>
         <run_address>0x5270</run_address>
         <size>0x14</size>
         <input_file_ref idref="fl-e1"/>
      </object_component>
      <object_component id="oc-426">
         <name>.text:vPortSetupTimerInterrupt</name>
         <load_address>0x5284</load_address>
         <run_address>0x5284</run_address>
         <size>0x14</size>
         <input_file_ref idref="fl-18"/>
      </object_component>
      <object_component id="oc-582">
         <name>.text:ATesp</name>
         <load_address>0x5298</load_address>
         <run_address>0x5298</run_address>
         <size>0x13</size>
         <input_file_ref idref="fl-6"/>
      </object_component>
      <object_component id="oc-588">
         <name>.text:RSTesp</name>
         <load_address>0x52ac</load_address>
         <run_address>0x52ac</run_address>
         <size>0x13</size>
         <input_file_ref idref="fl-6"/>
      </object_component>
      <object_component id="oc-48d">
         <name>.text:GPIOPinTypeSSI</name>
         <load_address>0x52c0</load_address>
         <run_address>0x52c0</run_address>
         <size>0x12</size>
         <input_file_ref idref="fl-fd"/>
      </object_component>
      <object_component id="oc-64d">
         <name>.text:SSIDataGetNonBlocking</name>
         <load_address>0x52d2</load_address>
         <run_address>0x52d2</run_address>
         <size>0x12</size>
         <input_file_ref idref="fl-ff"/>
      </object_component>
      <object_component id="oc-6ec">
         <name>.text:nrf24l01p_available</name>
         <load_address>0x52e4</load_address>
         <run_address>0x52e4</run_address>
         <size>0x12</size>
         <input_file_ref idref="fl-b"/>
      </object_component>
      <object_component id="oc-4ef">
         <name>.text:nrf24l01p_ce</name>
         <load_address>0x52f6</load_address>
         <run_address>0x52f6</run_address>
         <size>0x12</size>
         <input_file_ref idref="fl-b"/>
      </object_component>
      <object_component id="oc-5f4">
         <name>.text:prvDeleteTCB</name>
         <load_address>0x5308</load_address>
         <run_address>0x5308</run_address>
         <size>0x12</size>
         <input_file_ref idref="fl-17"/>
      </object_component>
      <object_component id="oc-784">
         <name>.text:wcslen</name>
         <load_address>0x531a</load_address>
         <run_address>0x531a</run_address>
         <size>0x12</size>
         <input_file_ref idref="fl-e5"/>
      </object_component>
      <object_component id="oc-4ac">
         <name>.text:nrf24l01p_set_retries</name>
         <load_address>0x532c</load_address>
         <run_address>0x532c</run_address>
         <size>0x10</size>
         <input_file_ref idref="fl-b"/>
      </object_component>
      <object_component id="oc-53a">
         <name>.text:prvTaskExitError</name>
         <load_address>0x533c</load_address>
         <run_address>0x533c</run_address>
         <size>0x10</size>
         <input_file_ref idref="fl-18"/>
      </object_component>
      <object_component id="oc-226">
         <name>.text:vTaskSuspendAll</name>
         <load_address>0x534c</load_address>
         <run_address>0x534c</run_address>
         <size>0x10</size>
         <input_file_ref idref="fl-17"/>
      </object_component>
      <object_component id="oc-18">
         <name>.text:decompress:none:__TI_decompress_none</name>
         <load_address>0x535c</load_address>
         <run_address>0x535c</run_address>
         <size>0xe</size>
         <input_file_ref idref="fl-de"/>
      </object_component>
      <object_component id="oc-63f">
         <name>.text:SSIDataGet</name>
         <load_address>0x536a</load_address>
         <run_address>0x536a</run_address>
         <size>0xc</size>
         <input_file_ref idref="fl-ff"/>
      </object_component>
      <object_component id="oc-67">
         <name>.text:decompress:ZI:__TI_zero_init</name>
         <load_address>0x5376</load_address>
         <run_address>0x5376</run_address>
         <size>0xc</size>
         <input_file_ref idref="fl-dd"/>
      </object_component>
      <object_component id="oc-35d">
         <name>.text:vTaskMissedYield</name>
         <load_address>0x5384</load_address>
         <run_address>0x5384</run_address>
         <size>0xc</size>
         <input_file_ref idref="fl-17"/>
      </object_component>
      <object_component id="oc-6a7">
         <name>.text:xTaskGetTickCount</name>
         <load_address>0x5390</load_address>
         <run_address>0x5390</run_address>
         <size>0xc</size>
         <input_file_ref idref="fl-17"/>
      </object_component>
      <object_component id="oc-633">
         <name>.text:SSIDataPut</name>
         <load_address>0x539c</load_address>
         <run_address>0x539c</run_address>
         <size>0xa</size>
         <input_file_ref idref="fl-ff"/>
      </object_component>
      <object_component id="oc-49f">
         <name>.text:SSIEnable</name>
         <load_address>0x53a6</load_address>
         <run_address>0x53a6</run_address>
         <size>0xa</size>
         <input_file_ref idref="fl-ff"/>
      </object_component>
      <object_component id="oc-2f2">
         <name>.text:UARTCharGet</name>
         <load_address>0x53b0</load_address>
         <run_address>0x53b0</run_address>
         <size>0xa</size>
         <input_file_ref idref="fl-101"/>
      </object_component>
      <object_component id="oc-3ac">
         <name>.text:UARTCharPut</name>
         <load_address>0x53ba</load_address>
         <run_address>0x53ba</run_address>
         <size>0xa</size>
         <input_file_ref idref="fl-101"/>
      </object_component>
      <object_component id="oc-72a">
         <name>.text:_outc</name>
         <load_address>0x53c4</load_address>
         <run_address>0x53c4</run_address>
         <size>0xa</size>
         <input_file_ref idref="fl-d8"/>
      </object_component>
      <object_component id="oc-709">
         <name>.text:SSIBusy</name>
         <load_address>0x53ce</load_address>
         <run_address>0x53ce</run_address>
         <size>0x8</size>
         <input_file_ref idref="fl-ff"/>
      </object_component>
      <object_component id="oc-565">
         <name>.text:UARTBusy</name>
         <load_address>0x53d6</load_address>
         <run_address>0x53d6</run_address>
         <size>0x8</size>
         <input_file_ref idref="fl-101"/>
      </object_component>
      <object_component id="oc-78a">
         <name>.text:__aeabi_errno_addr</name>
         <load_address>0x53e0</load_address>
         <run_address>0x53e0</run_address>
         <size>0x8</size>
         <input_file_ref idref="fl-f9"/>
      </object_component>
      <object_component id="oc-293">
         <name>.text:prvIdleTask</name>
         <load_address>0x53e8</load_address>
         <run_address>0x53e8</run_address>
         <size>0x8</size>
         <input_file_ref idref="fl-17"/>
      </object_component>
      <object_component id="oc-3ef">
         <name>.text:GPIOPinWrite</name>
         <load_address>0x53f0</load_address>
         <run_address>0x53f0</run_address>
         <size>0x6</size>
         <input_file_ref idref="fl-fd"/>
      </object_component>
      <object_component id="oc-24">
         <name>.text:ResetISR</name>
         <load_address>0x53f6</load_address>
         <run_address>0x53f6</run_address>
         <size>0x6</size>
         <input_file_ref idref="fl-4"/>
      </object_component>
      <object_component id="oc-4a5">
         <name>.text:SysCtlDelay</name>
         <load_address>0x53fc</load_address>
         <run_address>0x53fc</run_address>
         <size>0x6</size>
         <input_file_ref idref="fl-100"/>
      </object_component>
      <object_component id="oc-1de">
         <name>.text:UARTFIFOLevelSet</name>
         <load_address>0x5402</load_address>
         <run_address>0x5402</run_address>
         <size>0x6</size>
         <input_file_ref idref="fl-101"/>
      </object_component>
      <object_component id="oc-743">
         <name>.text:nrf24l01p_get_status</name>
         <load_address>0x5408</load_address>
         <run_address>0x5408</run_address>
         <size>0x6</size>
         <input_file_ref idref="fl-b"/>
      </object_component>
      <object_component id="oc-533">
         <name>.text:vListInitialiseItem</name>
         <load_address>0x540e</load_address>
         <run_address>0x540e</run_address>
         <size>0x6</size>
         <input_file_ref idref="fl-15"/>
      </object_component>
      <object_component id="oc-c6">
         <name>.text:_system_pre_init</name>
         <load_address>0x5414</load_address>
         <run_address>0x5414</run_address>
         <size>0x4</size>
         <input_file_ref idref="fl-ef"/>
      </object_component>
      <object_component id="oc-15d">
         <name>.text:abort:abort</name>
         <load_address>0x5418</load_address>
         <run_address>0x5418</run_address>
         <size>0x4</size>
         <input_file_ref idref="fl-f1"/>
      </object_component>
      <object_component id="oc-7a9">
         <name>.const:.string:_ctypes_</name>
         <load_address>0x541c</load_address>
         <run_address>0x541c</run_address>
         <size>0x101</size>
         <input_file_ref idref="fl-f5"/>
      </object_component>
      <object_component id="oc-2bd">
         <name>.const:g_pui32GPIOBaseAddrs</name>
         <load_address>0x5520</load_address>
         <run_address>0x5520</run_address>
         <size>0x90</size>
         <input_file_ref idref="fl-fd"/>
      </object_component>
      <object_component id="oc-467">
         <name>.const</name>
         <load_address>0x55b0</load_address>
         <run_address>0x55b0</run_address>
         <size>0x70</size>
         <input_file_ref idref="fl-fe"/>
      </object_component>
      <object_component id="oc-626">
         <name>.const:g_pui32Xtals</name>
         <load_address>0x5620</load_address>
         <run_address>0x5620</run_address>
         <size>0x6c</size>
         <input_file_ref idref="fl-100"/>
      </object_component>
      <object_component id="oc-68b">
         <name>.const:.string</name>
         <load_address>0x568c</load_address>
         <run_address>0x568c</run_address>
         <size>0x46</size>
         <input_file_ref idref="fl-a"/>
      </object_component>
      <object_component id="oc-45b">
         <name>.const:g_ppui32UARTIntMap</name>
         <load_address>0x56d4</load_address>
         <run_address>0x56d4</run_address>
         <size>0x40</size>
         <input_file_ref idref="fl-101"/>
      </object_component>
      <object_component id="oc-45e">
         <name>.const:g_ppui32UARTIntMapSnowflake</name>
         <load_address>0x5714</load_address>
         <run_address>0x5714</run_address>
         <size>0x40</size>
         <input_file_ref idref="fl-101"/>
      </object_component>
      <object_component id="oc-739">
         <name>.const:.string</name>
         <load_address>0x5754</load_address>
         <run_address>0x5754</run_address>
         <size>0xc</size>
         <input_file_ref idref="fl-e"/>
      </object_component>
      <object_component id="oc-2e0">
         <name>.const:g_ui32UARTBase</name>
         <load_address>0x5760</load_address>
         <run_address>0x5760</run_address>
         <size>0xc</size>
         <input_file_ref idref="fl-1c"/>
      </object_component>
      <object_component id="oc-2dd">
         <name>.const:g_ui32UARTPeriph</name>
         <load_address>0x576c</load_address>
         <run_address>0x576c</run_address>
         <size>0xc</size>
         <input_file_ref idref="fl-1c"/>
      </object_component>
      <object_component id="oc-4e8">
         <name>.const:.string:child_payload_size</name>
         <load_address>0x5778</load_address>
         <run_address>0x5778</run_address>
         <size>0x6</size>
         <input_file_ref idref="fl-b"/>
      </object_component>
      <object_component id="oc-4e5">
         <name>.const:.string:child_pipe</name>
         <load_address>0x577e</load_address>
         <run_address>0x577e</run_address>
         <size>0x6</size>
         <input_file_ref idref="fl-b"/>
      </object_component>
      <object_component id="oc-4eb">
         <name>.const:.string:child_pipe_enable</name>
         <load_address>0x5784</load_address>
         <run_address>0x5784</run_address>
         <size>0x6</size>
         <input_file_ref idref="fl-b"/>
      </object_component>
      <object_component id="oc-8e">
         <name>.const</name>
         <load_address>0x578c</load_address>
         <run_address>0x578c</run_address>
         <size>0x4</size>
         <input_file_ref idref="fl-18"/>
      </object_component>
      <object_component id="oc-896">
         <name>.cinit..data.load</name>
         <load_address>0x5790</load_address>
         <run_address>0x5790</run_address>
         <size>0x4e</size>
      </object_component>
      <object_component id="oc-893">
         <name>__TI_handler_table</name>
         <load_address>0x57e0</load_address>
         <run_address>0x57e0</run_address>
         <size>0xc</size>
      </object_component>
      <object_component id="oc-897">
         <name>.cinit..bss.load</name>
         <load_address>0x57f0</load_address>
         <run_address>0x57f0</run_address>
         <size>0x8</size>
      </object_component>
      <object_component id="oc-895">
         <name>.cinit..vtable.load</name>
         <load_address>0x57f8</load_address>
         <run_address>0x57f8</run_address>
         <size>0x8</size>
      </object_component>
      <object_component id="oc-894">
         <name>__TI_cinit_table</name>
         <load_address>0x5800</load_address>
         <run_address>0x5800</run_address>
         <size>0x18</size>
      </object_component>
      <object_component id="oc-462">
         <name>.vtable</name>
         <uninitialized>true</uninitialized>
         <run_address>0x20000000</run_address>
         <size>0x26c</size>
         <input_file_ref idref="fl-fe"/>
      </object_component>
      <object_component id="oc-2fe">
         <name>.data</name>
         <load_address>0x20005abe</load_address>
         <run_address>0x20005abe</run_address>
         <size>0x2</size>
         <input_file_ref idref="fl-2"/>
      </object_component>
      <object_component id="oc-5bf">
         <name>.data</name>
         <load_address>0x20005a80</load_address>
         <run_address>0x20005a80</run_address>
         <size>0x18</size>
         <input_file_ref idref="fl-a"/>
      </object_component>
      <object_component id="oc-32c">
         <name>.data:addresses</name>
         <load_address>0x20005a68</load_address>
         <run_address>0x20005a68</run_address>
         <size>0x18</size>
         <input_file_ref idref="fl-b"/>
      </object_component>
      <object_component id="oc-301">
         <name>.data</name>
         <load_address>0x20005a98</load_address>
         <run_address>0x20005a98</run_address>
         <size>0x14</size>
         <input_file_ref idref="fl-d"/>
      </object_component>
      <object_component id="oc-307">
         <name>.data:searchSequence</name>
         <load_address>0x20005ab9</load_address>
         <run_address>0x20005ab9</run_address>
         <size>0x5</size>
         <input_file_ref idref="fl-d"/>
      </object_component>
      <object_component id="oc-6c9">
         <name>.data</name>
         <load_address>0x20005ac8</load_address>
         <run_address>0x20005ac8</run_address>
         <size>0x4</size>
         <input_file_ref idref="fl-e"/>
      </object_component>
      <object_component id="oc-6e1">
         <name>.data</name>
         <load_address>0x20005acc</load_address>
         <run_address>0x20005acc</run_address>
         <size>0x4</size>
         <input_file_ref idref="fl-12"/>
      </object_component>
      <object_component id="oc-283">
         <name>.data</name>
         <load_address>0x20005ab4</load_address>
         <run_address>0x20005ab4</run_address>
         <size>0x5</size>
         <input_file_ref idref="fl-13"/>
      </object_component>
      <object_component id="oc-8b">
         <name>.data</name>
         <load_address>0x20005a38</load_address>
         <run_address>0x20005a38</run_address>
         <size>0x30</size>
         <input_file_ref idref="fl-17"/>
      </object_component>
      <object_component id="oc-356">
         <name>.data</name>
         <load_address>0x20005ad0</load_address>
         <run_address>0x20005ad0</run_address>
         <size>0x4</size>
         <input_file_ref idref="fl-18"/>
      </object_component>
      <object_component id="oc-342">
         <name>.data</name>
         <load_address>0x20005aac</load_address>
         <run_address>0x20005aac</run_address>
         <size>0x8</size>
         <input_file_ref idref="fl-1a"/>
      </object_component>
      <object_component id="oc-2e3">
         <name>.data</name>
         <load_address>0x20005ac0</load_address>
         <run_address>0x20005ac0</run_address>
         <size>0x5</size>
         <input_file_ref idref="fl-1c"/>
      </object_component>
      <object_component id="oc-810">
         <name>.data</name>
         <load_address>0x20005ad4</load_address>
         <run_address>0x20005ad4</run_address>
         <size>0x4</size>
         <input_file_ref idref="fl-f9"/>
      </object_component>
      <object_component id="oc-ef">
         <name>.bss:pxReadyTasksLists</name>
         <uninitialized>true</uninitialized>
         <run_address>0x2000508c</run_address>
         <size>0x140</size>
         <input_file_ref idref="fl-17"/>
      </object_component>
      <object_component id="oc-541">
         <name>.bss:xDelayedTaskList1</name>
         <uninitialized>true</uninitialized>
         <run_address>0x20005774</run_address>
         <size>0x14</size>
         <input_file_ref idref="fl-17"/>
      </object_component>
      <object_component id="oc-544">
         <name>.bss:xDelayedTaskList2</name>
         <uninitialized>true</uninitialized>
         <run_address>0x20005788</run_address>
         <size>0x14</size>
         <input_file_ref idref="fl-17"/>
      </object_component>
      <object_component id="oc-105">
         <name>.bss</name>
         <uninitialized>true</uninitialized>
         <run_address>0x200057d8</run_address>
         <size>0x8</size>
         <input_file_ref idref="fl-17"/>
      </object_component>
      <object_component id="oc-364">
         <name>.bss:xPendingReadyList</name>
         <uninitialized>true</uninitialized>
         <run_address>0x2000579c</run_address>
         <size>0x14</size>
         <input_file_ref idref="fl-17"/>
      </object_component>
      <object_component id="oc-547">
         <name>.bss:xTasksWaitingTermination</name>
         <uninitialized>true</uninitialized>
         <run_address>0x200057c4</run_address>
         <size>0x14</size>
         <input_file_ref idref="fl-17"/>
      </object_component>
      <object_component id="oc-375">
         <name>.bss:xSuspendedTaskList</name>
         <uninitialized>true</uninitialized>
         <run_address>0x200057b0</run_address>
         <size>0x14</size>
         <input_file_ref idref="fl-17"/>
      </object_component>
      <object_component id="oc-511">
         <name>.bss:ucHeap</name>
         <uninitialized>true</uninitialized>
         <run_address>0x2000026c</run_address>
         <size>0x4e20</size>
         <input_file_ref idref="fl-1a"/>
      </object_component>
      <object_component id="oc-345">
         <name>.bss:xStart</name>
         <uninitialized>true</uninitialized>
         <run_address>0x200057e8</run_address>
         <size>0x8</size>
         <input_file_ref idref="fl-1a"/>
      </object_component>
      <object_component id="oc-348">
         <name>.bss:xEnd</name>
         <uninitialized>true</uninitialized>
         <run_address>0x200057e0</run_address>
         <size>0x8</size>
         <input_file_ref idref="fl-1a"/>
      </object_component>
      <object_component id="oc-1fc">
[...]
         <value>0x5233</value>
         <object_component_ref idref="oc-2eb"/>
      </symbol>
      <symbol id="sm-62f">
         <name>xQueueGenericCreate</name>
         <value>0x4a27</value>
         <object_component_ref idref="oc-131"/>
      </symbol>
      <symbol id="sm-630">
         <name>xQueueCreateMutex</name>
         <value>0x436b</value>
         <object_component_ref idref="oc-1f0"/>
      </symbol>
      <symbol id="sm-631">
         <name>xQueueGenericSend</name>
         <value>0x27b1</value>
         <object_component_ref idref="oc-137"/>
      </symbol>
      <symbol id="sm-632">
         <name>xQueueGenericReset</name>
         <value>0x353d</value>
         <object_component_ref idref="oc-211"/>
      </symbol>
      <symbol id="sm-633">
         <name>xQueueGenericReceive</name>
         <value>0x2179</value>
         <object_component_ref idref="oc-3a0"/>
      </symbol>
      <symbol id="sm-81d">
         <name>vTaskDelay</name>
         <value>0x3fbd</value>
         <object_component_ref idref="oc-39a"/>
      </symbol>
      <symbol id="sm-81e">
         <name>vTaskSuspendAll</name>
         <value>0x534d</value>
         <object_component_ref idref="oc-226"/>
      </symbol>
      <symbol id="sm-81f">
         <name>vTaskPriorityInherit</name>
         <value>0x3179</value>
         <object_component_ref idref="oc-552"/>
      </symbol>
      <symbol id="sm-820">
         <name>vTaskPlaceOnEventList</name>
         <value>0x3cb9</value>
         <object_component_ref idref="oc-24a"/>
      </symbol>
      <symbol id="sm-821">
         <name>xTaskCheckForTimeOut</name>
         <value>0x4275</value>
         <object_component_ref idref="oc-232"/>
      </symbol>
      <symbol id="sm-822">
         <name>xTaskPriorityDisinherit</name>
         <value>0x372d</value>
         <object_component_ref idref="oc-379"/>
      </symbol>
      <symbol id="sm-823">
         <name>vTaskStartScheduler</name>
         <value>0x3ea1</value>
         <object_component_ref idref="oc-155"/>
      </symbol>
      <symbol id="sm-824">
         <name>pvTaskIncrementMutexHeldCount</name>
         <value>0x51bd</value>
         <object_component_ref idref="oc-55e"/>
      </symbol>
      <symbol id="sm-825">
         <name>vTaskDelayUntil</name>
         <value>0x34b9</value>
         <object_component_ref idref="oc-6b3"/>
      </symbol>
      <symbol id="sm-826">
         <name>vTaskMissedYield</name>
         <value>0x5385</value>
         <object_component_ref idref="oc-35d"/>
      </symbol>
      <symbol id="sm-827">
         <name>xTaskResumeAll</name>
         <value>0x2899</value>
         <object_component_ref idref="oc-23e"/>
      </symbol>
      <symbol id="sm-828">
         <name>xTaskGetTickCount</name>
         <value>0x5391</value>
         <object_component_ref idref="oc-6a7"/>
      </symbol>
      <symbol id="sm-829">
         <name>xTaskGenericCreate</name>
         <value>0x25b5</value>
         <object_component_ref idref="oc-25d"/>
      </symbol>
      <symbol id="sm-82a">
         <name>vTaskDelete</name>
         <value>0x2b31</value>
         <object_component_ref idref="oc-41f"/>
      </symbol>
      <symbol id="sm-82b">
         <name>pxCurrentTCB</name>
         <value>0x20005a38</value>
         <object_component_ref idref="oc-8b"/>
      </symbol>
      <symbol id="sm-82c">
         <name>vTaskSetTimeOutState</name>
         <value>0x5205</value>
         <object_component_ref idref="oc-21a"/>
      </symbol>
      <symbol id="sm-82d">
         <name>xTaskIncrementTick</name>
         <value>0x24b1</value>
         <object_component_ref idref="oc-98"/>
      </symbol>
      <symbol id="sm-82e">
         <name>vTaskSwitchContext</name>
         <value>0x3321</value>
         <object_component_ref idref="oc-91"/>
      </symbol>
      <symbol id="sm-82f">
         <name>xTaskRemoveFromEventList</name>
         <value>0x388d</value>
         <object_component_ref idref="oc-256"/>
      </symbol>
      <symbol id="sm-889">
         <name>ulMaxSyscallInterruptPriority</name>
         <value>0x578c</value>
         <object_component_ref idref="oc-8e"/>
      </symbol>
      <symbol id="sm-88a">
         <name>vPortSetupTimerInterrupt</name>
         <value>0x5285</value>
         <object_component_ref idref="oc-426"/>
      </symbol>
      <symbol id="sm-88b">
         <name>xPortSysTickHandler</name>
         <value>0x4de9</value>
         <object_component_ref idref="oc-41"/>
      </symbol>
      <symbol id="sm-88c">
         <name>pxPortInitialiseStack</name>
         <value>0x4f35</value>
         <object_component_ref idref="oc-38d"/>
      </symbol>
      <symbol id="sm-88d">
         <name>vPortExitCritical</name>
         <value>0x51ed</value>
         <object_component_ref idref="oc-220"/>
      </symbol>
      <symbol id="sm-88e">
         <name>xPortStartScheduler</name>
         <value>0x48f1</value>
         <object_component_ref idref="oc-28d"/>
      </symbol>
      <symbol id="sm-88f">
         <name>vPortEnterCritical</name>
         <value>0x50b9</value>
         <object_component_ref idref="oc-22c"/>
      </symbol>
      <symbol id="sm-89e">
         <name>vPortStartFirstTask</name>
         <value>0x2b05</value>
         <object_component_ref idref="oc-3c"/>
      </symbol>
      <symbol id="sm-89f">
         <name>ulPortGetIPSR</name>
         <value>0x2a6d</value>
         <object_component_ref idref="oc-3c"/>
      </symbol>
      <symbol id="sm-8a0">
         <name>vPortEnableVFP</name>
         <value>0x2b21</value>
         <object_component_ref idref="oc-3c"/>
      </symbol>
      <symbol id="sm-8a1">
         <name>xPortPendSVHandler</name>
         <value>0x2a85</value>
         <object_component_ref idref="oc-3c"/>
      </symbol>
      <symbol id="sm-8a2">
         <name>vPortSVCHandler</name>
         <value>0x2ae5</value>
         <object_component_ref idref="oc-3c"/>
      </symbol>
      <symbol id="sm-8f7">
         <name>pvPortMalloc</name>
         <value>0x2c99</value>
         <object_component_ref idref="oc-20b"/>
      </symbol>
      <symbol id="sm-8f8">
         <name>vPortFree</name>
         <value>0x4729</value>
         <object_component_ref idref="oc-52c"/>
      </symbol>
      <symbol id="sm-91c">
         <name>ConfigureUART</name>
         <value>0x1e11</value>
         <object_component_ref idref="oc-125"/>
      </symbol>
      <symbol id="sm-91d">
         <name>safePrintf</name>
         <value>0x4871</value>
         <object_component_ref idref="oc-3e3"/>
      </symbol>
      <symbol id="sm-98b">
         <name>UARTStdioConfig</name>
         <value>0x3de1</value>
         <object_component_ref idref="oc-1ea"/>
      </symbol>
      <symbol id="sm-98c">
         <name>UARTwrite</name>
         <value>0x4611</value>
         <object_component_ref idref="oc-505"/>
      </symbol>
      <symbol id="sm-98d">
         <name>UARTprintf</name>
         <value>0x510d</value>
         <object_component_ref idref="oc-204"/>
      </symbol>
      <symbol id="sm-98e">
         <name>UARTvprintf</name>
         <value>0xf2d</value>
         <object_component_ref idref="oc-330"/>
      </symbol>
      <symbol id="sm-9b6">
         <name>sprintf</name>
         <value>0x48b1</value>
         <object_component_ref idref="oc-690"/>
      </symbol>
      <symbol id="sm-9c5">
         <name>__aeabi_memset</name>
         <value>0x35c3</value>
         <object_component_ref idref="oc-c0"/>
      </symbol>
      <symbol id="sm-9c6">
         <name>memset</name>
         <value>0x35c9</value>
         <object_component_ref idref="oc-c0"/>
      </symbol>
      <symbol id="sm-9c7">
         <name>__aeabi_memset8</name>
         <value>0x35c3</value>
         <object_component_ref idref="oc-c0"/>
      </symbol>
      <symbol id="sm-9c8">
         <name>__aeabi_memset4</name>
         <value>0x35c3</value>
         <object_component_ref idref="oc-c0"/>
      </symbol>
      <symbol id="sm-9c9">
         <name>__aeabi_memclr8</name>
         <value>0x35c1</value>
         <object_component_ref idref="oc-c0"/>
      </symbol>
      <symbol id="sm-9ca">
         <name>__aeabi_memclr4</name>
         <value>0x35c1</value>
         <object_component_ref idref="oc-c0"/>
      </symbol>
      <symbol id="sm-9cb">
         <name>__aeabi_memclr</name>
         <value>0x35c1</value>
         <object_component_ref idref="oc-c0"/>
      </symbol>
      <symbol id="sm-9e7">
         <name>memcpy</name>
         <value>0x2e89</value>
         <object_component_ref idref="oc-55"/>
      </symbol>
      <symbol id="sm-9e8">
         <name>__aeabi_memcpy</name>
         <value>0x2e89</value>
         <object_component_ref idref="oc-55"/>
      </symbol>
      <symbol id="sm-9e9">
         <name>__aeabi_memcpy8</name>
         <value>0x2e89</value>
         <object_component_ref idref="oc-55"/>
      </symbol>
      <symbol id="sm-9ea">
         <name>__aeabi_memcpy4</name>
         <value>0x2e89</value>
         <object_component_ref idref="oc-55"/>
      </symbol>
      <symbol id="sm-9f9">
         <name>__aeabi_uidivmod</name>
         <value>0x4831</value>
         <object_component_ref idref="oc-50b"/>
      </symbol>
      <symbol id="sm-9fa">
         <name>__aeabi_uidiv</name>
         <value>0x4831</value>
         <object_component_ref idref="oc-50b"/>
      </symbol>
      <symbol id="sm-a0c">
         <name>__TI_zero_init</name>
         <value>0x5377</value>
         <object_component_ref idref="oc-67"/>
      </symbol>
      <symbol id="sm-a23">
         <name>__TI_decompress_none</name>
         <value>0x535d</value>
         <object_component_ref idref="oc-18"/>
      </symbol>
      <symbol id="sm-a46">
         <name>__TI_decompress_lzss</name>
         <value>0x3b21</value>
         <object_component_ref idref="oc-12"/>
      </symbol>
      <symbol id="sm-a54">
         <name>strcpy</name>
         <value>0x525d</value>
         <object_component_ref idref="oc-2f8"/>
      </symbol>
      <symbol id="sm-a62">
         <name>strlen</name>
         <value>0x5271</value>
         <object_component_ref idref="oc-570"/>
      </symbol>
      <symbol id="sm-a72">
         <name>strncpy</name>
         <value>0x4c27</value>
         <object_component_ref idref="oc-3d5"/>
      </symbol>
      <symbol id="sm-a85">
         <name>__stack</name>
         <value>0x20005838</value>
         <object_component_ref idref="oc-21"/>
      </symbol>
      <symbol id="sm-a86">
         <name>_c_int00_noargs</name>
         <value>0x4cf9</value>
         <object_component_ref idref="oc-73"/>
      </symbol>
      <symbol id="sm-beb">
         <name>__TI_printfi</name>
         <value>0x26d</value>
         <object_component_ref idref="oc-71e"/>
      </symbol>
      <symbol id="sm-c04">
         <name>wcslen</name>
         <value>0x531b</value>
         <object_component_ref idref="oc-784"/>
      </symbol>
      <symbol id="sm-c0e">
         <name>__aeabi_idiv0</name>
         <value>0x2b2f</value>
         <object_component_ref idref="oc-65e"/>
      </symbol>
      <symbol id="sm-c0f">
         <name>__aeabi_ldiv0</name>
         <value>0x2b2f</value>
         <object_component_ref idref="oc-65e"/>
      </symbol>
      <symbol id="sm-c1c">
         <name>__aeabi_uldivmod</name>
         <value>0x2fbd</value>
         <object_component_ref idref="oc-7ae"/>
      </symbol>
      <symbol id="sm-c33">
         <name>__aeabi_dsub</name>
         <value>0x14d9</value>
         <object_component_ref idref="oc-7d4"/>
      </symbol>
      <symbol id="sm-c34">
         <name>__aeabi_dadd</name>
         <value>0x14e3</value>
         <object_component_ref idref="oc-7d4"/>
      </symbol>
      <symbol id="sm-c56">
         <name>__aeabi_cdcmpeq</name>
         <value>0x33ad</value>
         <object_component_ref idref="oc-761"/>
      </symbol>
      <symbol id="sm-c57">
         <name>__aeabi_cdcmple</name>
         <value>0x33ad</value>
         <object_component_ref idref="oc-761"/>
      </symbol>
      <symbol id="sm-c58">
         <name>__aeabi_cdrcmple</name>
         <value>0x3433</value>
         <object_component_ref idref="oc-7bf"/>
      </symbol>
      <symbol id="sm-c6c">
         <name>__aeabi_ddiv</name>
         <value>0x1ba9</value>
         <object_component_ref idref="oc-7ba"/>
      </symbol>
      <symbol id="sm-c77">
         <name>__aeabi_dmul</name>
         <value>0x26b5</value>
         <object_component_ref idref="oc-7b5"/>
      </symbol>
      <symbol id="sm-c81">
         <name>__aeabi_d2iz</name>
         <value>0x4659</value>
         <object_component_ref idref="oc-7c4"/>
      </symbol>
      <symbol id="sm-c8b">
         <name>__aeabi_i2d</name>
         <value>0x4dbb</value>
         <object_component_ref idref="oc-7cf"/>
      </symbol>
      <symbol id="sm-cb3">
         <name>__TI_auto_init_nobinit_nopinit</name>
         <value>0x46a1</value>
         <object_component_ref idref="oc-169"/>
      </symbol>
      <symbol id="sm-cbd">
         <name>_system_pre_init</name>
         <value>0x5415</value>
         <object_component_ref idref="oc-c6"/>
      </symbol>
      <symbol id="sm-cc9">
         <name>C$$EXIT</name>
         <value>0x5419</value>
         <object_component_ref idref="oc-15d"/>
      </symbol>
      <symbol id="sm-cca">
         <name>abort</name>
         <value>0x5419</value>
         <object_component_ref idref="oc-15d"/>
      </symbol>
      <symbol id="sm-ce2">
         <name>atoi</name>
         <value>0x449d</value>
         <object_component_ref idref="oc-755"/>
      </symbol>
      <symbol id="sm-ced">
         <name>_ctypes_</name>
         <value>0x541c</value>
         <object_component_ref idref="oc-7a9"/>
      </symbol>
      <symbol id="sm-cfc">
         <name>ltoa</name>
         <value>0x41cd</value>
         <object_component_ref idref="oc-7c9"/>
      </symbol>
      <symbol id="sm-d0c">
         <name>memccpy</name>
         <value>0x5065</value>
         <object_component_ref idref="oc-77e"/>
      </symbol>
      <symbol id="sm-d1c">
         <name>strchr</name>
         <value>0x521d</value>
         <object_component_ref idref="oc-800"/>
      </symbol>
      <symbol id="sm-d32">
         <name>__aeabi_errno_addr</name>
         <value>0x53e1</value>
         <object_component_ref idref="oc-78a"/>
      </symbol>
      <symbol id="sm-d33">
         <name>errno</name>
         <value>0x20005ad4</value>
         <object_component_ref idref="oc-810"/>
      </symbol>
      <symbol id="sm-d53">
         <name>frexpl</name>
         <value>0x3c55</value>
         <object_component_ref idref="oc-7f4"/>
      </symbol>
      <symbol id="sm-d54">
         <name>frexp</name>
         <value>0x3c55</value>
         <object_component_ref idref="oc-7f4"/>
      </symbol>
      <symbol id="sm-d71">
         <name>scalbn</name>
         <value>0x23a1</value>
         <object_component_ref idref="oc-7fa"/>
      </symbol>
      <symbol id="sm-d72">
         <name>scalbnl</name>
         <value>0x23a1</value>
         <object_component_ref idref="oc-7fa"/>
      </symbol>
      <symbol id="sm-d73">
         <name>ldexpl</name>
         <value>0x23a1</value>
         <object_component_ref idref="oc-7fa"/>
      </symbol>
      <symbol id="sm-d74">
         <name>ldexp</name>
         <value>0x23a1</value>
         <object_component_ref idref="oc-7fa"/>
      </symbol>
      <symbol id="sm-d7e">
         <name>copysign</name>
         <value>0x5127</value>
         <object_component_ref idref="oc-840"/>
      </symbol>
      <symbol id="sm-d7f">
         <name>copysignl</name>
         <value>0x5127</value>
         <object_component_ref idref="oc-840"/>
      </symbol>
      <symbol id="sm-dc6">
         <name>GPIOPinConfigure</name>
         <value>0x4581</value>
         <object_component_ref idref="oc-1d2"/>
      </symbol>
      <symbol id="sm-dc7">
         <name>GPIOPinTypeGPIOOutput</name>
         <value>0x515b</value>
         <object_component_ref idref="oc-487"/>
      </symbol>
      <symbol id="sm-dc8">
         <name>GPIODirModeSet</name>
         <value>0x4e15</value>
         <object_component_ref idref="oc-61e"/>
      </symbol>
      <symbol id="sm-dc9">
         <name>GPIOPinWrite</name>
         <value>0x53f1</value>
         <object_component_ref idref="oc-3ef"/>
      </symbol>
      <symbol id="sm-dca">
         <name>GPIOPadConfigSet</name>
         <value>0x1cdf</value>
         <object_component_ref idref="oc-618"/>
      </symbol>
      <symbol id="sm-dcb">
         <name>GPIOPinTypeSSI</name>
         <value>0x52c1</value>
         <object_component_ref idref="oc-48d"/>
      </symbol>
      <symbol id="sm-e04">
         <name>IntEnable</name>
         <value>0x3ab9</value>
         <object_component_ref idref="oc-2d3"/>
      </symbol>
      <symbol id="sm-e05">
         <name>IntRegister</name>
         <value>0x4c91</value>
         <object_component_ref idref="oc-2cd"/>
      </symbol>
      <symbol id="sm-e06">
         <name>g_pfnRAMVectors</name>
         <value>0x20000000</value>
         <object_component_ref idref="oc-462"/>
      </symbol>
      <symbol id="sm-e3f">
         <name>SSIDataPut</name>
         <value>0x539d</value>
         <object_component_ref idref="oc-633"/>
      </symbol>
      <symbol id="sm-e40">
         <name>SSIDataGet</name>
         <value>0x536b</value>
         <object_component_ref idref="oc-63f"/>
      </symbol>
      <symbol id="sm-e41">
         <name>SSIDataGetNonBlocking</name>
         <value>0x52d3</value>
         <object_component_ref idref="oc-64d"/>
      </symbol>
      <symbol id="sm-e42">
         <name>SSIConfigSetExpClk</name>
         <value>0x49af</value>
         <object_component_ref idref="oc-499"/>
      </symbol>
      <symbol id="sm-e43">
         <name>SSIEnable</name>
         <value>0x53a7</value>
         <object_component_ref idref="oc-49f"/>
      </symbol>
      <symbol id="sm-e44">
         <name>SSIBusy</name>
         <value>0x53cf</value>
         <object_component_ref idref="oc-709"/>
      </symbol>
      <symbol id="sm-e80">
         <name>SysCtlDelay</name>
         <value>0x53fd</value>
         <object_component_ref idref="oc-4a5"/>
      </symbol>
      <symbol id="sm-e81">
         <name>SysCtlPeripheralEnable</name>
         <value>0x4cc5</value>
         <object_component_ref idref="oc-481"/>
      </symbol>
      <symbol id="sm-e82">
         <name>SysCtlClockGet</name>
         <value>0x2291</value>
         <object_component_ref idref="oc-493"/>
      </symbol>
      <symbol id="sm-ed8">
         <name>UARTBusy</name>
         <value>0x53d7</value>
         <object_component_ref idref="oc-565"/>
      </symbol>
      <symbol id="sm-ed9">
         <name>UARTCharPut</name>
         <value>0x53bb</value>
         <object_component_ref idref="oc-3ac"/>
      </symbol>
      <symbol id="sm-eda">
         <name>UARTEnable</name>
         <value>0x5249</value>
         <object_component_ref idref="oc-1e4"/>
      </symbol>
      <symbol id="sm-edb">
         <name>UARTCharGet</name>
         <value>0x53b1</value>
         <object_component_ref idref="oc-2f2"/>
      </symbol>
      <symbol id="sm-edc">
         <name>UARTFIFOLevelSet</name>
         <value>0x5403</value>
         <object_component_ref idref="oc-1de"/>
      </symbol>
      <symbol id="sm-edd">
         <name>UARTIntRegister</name>
         <value>0x5173</value>
         <object_component_ref idref="oc-1d8"/>
      </symbol>
      <symbol id="sm-edf">
         <name>__TI_static_base__</name>
         <value>0x0</value>
      </symbol>
      <symbol id="sm-ee2">
         <name>__mpu_init</name>
         <value>0x0</value>
      </symbol>
      <symbol id="sm-ee3">
         <name>_system_post_cinit</name>
         <value>0x0</value>
      </symbol>
   </symbol_table>
   <title>Link successful</title>
</link_info>
